<?xml version="1.0" encoding="utf-8"?>
<TestRun id="2874229a-9c91-4915-8622-1422402f0056" name="matth@MPQ 2026-07-31 09:15:18" runUser="MPQ\matth" xmlns="http://microsoft.com/schemas/VisualStudio/TeamTest/2010">
  <Times creation="2026-07-31T09:15:18.5030796-04:00" queuing="2026-07-31T09:15:18.5030797-04:00" start="2026-07-31T09:15:18.0407498-04:00" finish="2026-07-31T09:17:25.9047235-04:00" />
  <TestSettings name="default" id="99abc4ff-df3d-437e-b467-9d5387db49a7">
    <Deployment runDeploymentRoot="matth_MPQ_2026-07-31_09_15_18" />
  </TestSettings>
  <Results>
    <UnitTestResult executionId="7efbdb44-e858-4372-9361-ad35a533eb54" testId="cd0e91a4-93f3-b904-fe67-5e550afa64cb" testName="BoxingSim.Tests.CareerIntegrityTests.ReignLengthsStayRealistic" computerName="MPQ" duration="00:00:00.0015407" startTime="2026-07-31T09:16:17.2645352-04:00" endTime="2026-07-31T09:16:17.2659143-04:00" testType="13cdc9d9-ddb5-4fa4-a97d-d965ccfc6d4b" outcome="Passed" testListId="8c84fa94-04c1-424b-9868-57a2d4851a1d" relativeResultsDirectory="7efbdb44-e858-4372-9361-ad35a533eb54" />
    <UnitTestResult executionId="c0c50058-ef21-4db2-948f-314112b5c041" testId="90a32003-89f6-ad63-a573-d1d2b667f3bf" testName="BoxingSim.Tests.MileageScaleTests.ScopesRestoreWhatTheyFoundRatherThanAssumingTheDefault" computerName="MPQ" duration="00:00:00.0000832" startTime="2026-07-31T09:15:18.4932660-04:00" endTime="2026-07-31T09:15:18.4932877-04:00" testType="13cdc9d9-ddb5-4fa4-a97d-d965ccfc6d4b" outcome="Passed" testListId="8c84fa94-04c1-424b-9868-57a2d4851a1d" relativeResultsDirectory="c0c50058-ef21-4db2-948f-314112b5c041" />
    <UnitTestResult executionId="ff3469a7-3e70-472f-a584-a8a3f9f52b2a" testId="e1a30083-951f-6d92-4679-aca7c23d8f7c" testName="BoxingSim.Tests.ClockTests.AWaitNeverOvershootsFightNight" computerName="MPQ" duration="00:00:18.1512308" startTime="2026-07-31T09:16:41.5021696-04:00" endTime="2026-07-31T09:16:59.6530776-04:00" testType="13cdc9d9-ddb5-4fa4-a97d-d965ccfc6d4b" outcome="Passed" testListId="8c84fa94-04c1-424b-9868-57a2d4851a1d" relativeResultsDirectory="ff3469a7-3e70-472f-a584-a8a3f9f52b2a" />
    <UnitTestResult executionId="b54d9d68-7a36-42cf-a53d-b7b8f2c76583" testId="96b3099b-077c-de65-9226-01763ffb9f05" testName="BoxingSim.Tests.ClockTests.ALongCampHasAWeekForEveryWeek" computerName="MPQ" duration="00:00:12.3974474" startTime="2026-07-31T09:16:29.1043593-04:00" endTime="2026-07-31T09:16:41.5017112-04:00" testType="13cdc9d9-ddb5-4fa4-a97d-d965ccfc6d4b" outcome="Passed" testListId="8c84fa94-04c1-424b-9868-57a2d4851a1d" relativeResultsDirectory="b54d9d68-7a36-42cf-a53d-b7b8f2c76583" />
    <UnitTestResult executionId="3a987453-e64a-4fd7-96f4-1dd99ed053eb" testId="7aad26fe-0563-e9cf-0f8a-cc27d760e63a" testName="BoxingSim.Tests.EncodingTests.TheCommentaryIsNotMangled" computerName="MPQ" duration="00:00:00.0009295" startTime="2026-07-31T09:15:48.0898366-04:00" endTime="2026-07-31T09:15:48.0906651-04:00" testType="13cdc9d9-ddb5-4fa4-a97d-d965ccfc6d4b" outcome="Passed" testListId="8c84fa94-04c1-424b-9868-57a2d4851a1d" relativeResultsDirectory="3a987453-e64a-4fd7-96f4-1dd99ed053eb" />
    <UnitTestResult executionId="d1324741-941e-4de3-ab95-01f29512094e" testId="04423875-5429-52a8-d6a2-e8f2ce0808db" testName="BoxingSim.Tests.BoutValueTests.ABillBuildsToTheBiggestFight" computerName="MPQ" duration="00:00:00.0056672" startTime="2026-07-31T09:15:18.4988581-04:00" endTime="2026-07-31T09:15:18.5002871-04:00" testType="13cdc9d9-ddb5-4fa4-a97d-d965ccfc6d4b" outcome="Passed" testListId="8c84fa94-04c1-424b-9868-57a2d4851a1d" relativeResultsDirectory="d1324741-941e-4de3-ab95-01f29512094e" />
    <UnitTestResult executionId="c37d810a-57e6-4aa9-b176-c382456db32e" testId="f15514d5-6aa9-ef32-a4f5-45b74dd1f26e" testName="BoxingSim.Tests.LeagueTests.SeedingFillsEveryDivisionAndCrownsChampions" computerName="MPQ" duration="00:00:00.0126599" startTime="2026-07-31T09:15:23.0286221-04:00" endTime="2026-07-31T09:15:23.0413549-04:00" testType="13cdc9d9-ddb5-4fa4-a97d-d965ccfc6d4b" outcome="Passed" testListId="8c84fa94-04c1-424b-9868-57a2d4851a1d" relativeResultsDirectory="c37d810a-57e6-4aa9-b176-c382456db32e" />
    <UnitTestResult executionId="51802eef-a7b3-4e4d-a3c1-1aea7f8d6c1c" testId="48ef8ab2-1c42-d591-d86c-03b07107cf2e" testName="BoxingSim.Tests.CareerIntegrityTests.SingleBeltBoutsDoNotFollowAMergeImmediately" computerName="MPQ" duration="00:00:00.0013635" startTime="2026-07-31T09:16:17.2487009-04:00" endTime="2026-07-31T09:16:17.2500979-04:00" testType="13cdc9d9-ddb5-4fa4-a97d-d965ccfc6d4b" outcome="Passed" testListId="8c84fa94-04c1-424b-9868-57a2d4851a1d" relativeResultsDirectory="51802eef-a7b3-4e4d-a3c1-1aea7f8d6c1c" />
    <UnitTestResult executionId="67827615-51a0-4402-833d-7add220ef0e5" testId="e6886556-b23f-9fcc-ee18-6bab4b74c354" testName="BoxingSim.Tests.CareerIntegrityTests.VacantTitleHeadlinesAreDatedToTheirOwnBout" computerName="MPQ" duration="00:00:00.0079614" startTime="2026-07-31T09:16:17.2502050-04:00" endTime="2026-07-31T09:16:17.2581943-04:00" testType="13cdc9d9-ddb5-4fa4-a97d-d965ccfc6d4b" outcome="Passed" testListId="8c84fa94-04c1-424b-9868-57a2d4851a1d" relativeResultsDirectory="67827615-51a0-4402-833d-7add220ef0e5" />
    <UnitTestResult executionId="e6752d06-e75c-411c-8084-61ee416f5659" testId="ed37ef12-6c6f-ad0a-b18a-75c7c25b0a9b" testName="BoxingSim.Tests.TitleShotTests.AGrantedShotSurvivesASaveAndReload" computerName="MPQ" duration="00:00:09.3941081" startTime="2026-07-31T09:15:47.8063664-04:00" endTime="2026-07-31T09:15:57.1998869-04:00" testType="13cdc9d9-ddb5-4fa4-a97d-d965ccfc6d4b" outcome="Passed" testListId="8c84fa94-04c1-424b-9868-57a2d4851a1d" relativeResultsDirectory="e6752d06-e75c-411c-8084-61ee416f5659" />
    <UnitTestResult executionId="9a378082-f474-462c-b658-37c3fa67c7e3" testId="52f5018c-1029-9b6e-aa01-9e15291371ca" testName="BoxingSim.Tests.FightCallTests.EachRoundIsActuallyCalled" computerName="MPQ" duration="00:00:00.0490798" startTime="2026-07-31T09:15:18.9058827-04:00" endTime="2026-07-31T09:15:18.9550741-04:00" testType="13cdc9d9-ddb5-4fa4-a97d-d965ccfc6d4b" outcome="Passed" testListId="8c84fa94-04c1-424b-9868-57a2d4851a1d" relativeResultsDirectory="9a378082-f474-462c-b658-37c3fa67c7e3" />
    <UnitTestResult executionId="a189e2f1-b327-4896-9f18-1242b0a8e734" testId="e9dbea72-0e19-7e4f-4999-c817dd115880" testName="BoxingSim.Tests.CareerIntegrityTests.NobodyClimbsFurtherThanHisFrameAllows" computerName="MPQ" duration="00:00:00.0016485" startTime="2026-07-31T09:16:17.2627973-04:00" endTime="2026-07-31T09:16:17.2643957-04:00" testType="13cdc9d9-ddb5-4fa4-a97d-d965ccfc6d4b" outcome="Passed" testListId="8c84fa94-04c1-424b-9868-57a2d4851a1d" relativeResultsDirectory="a189e2f1-b327-4896-9f18-1242b0a8e734" />
    <UnitTestResult executionId="c9ea8fa5-8ebf-45cc-94ed-ff95efc03b28" testId="553548a8-6aa5-c464-2018-93a7ce6b3ed1" testName="BoxingSim.Tests.OpponentTests.AWorldChampionIsOnlyMetForHisBelt" computerName="MPQ" duration="00:00:11.3274256" startTime="2026-07-31T09:16:05.5471080-04:00" endTime="2026-07-31T09:16:16.8743588-04:00" testType="13cdc9d9-ddb5-4fa4-a97d-d965ccfc6d4b" outcome="Passed" testListId="8c84fa94-04c1-424b-9868-57a2d4851a1d" relativeResultsDirectory="c9ea8fa5-8ebf-45cc-94ed-ff95efc03b28" />
    <UnitTestResult executionId="5a2542d5-2a1a-482a-af00-f98911795e78" testId="202ff78c-5a37-3980-9b43-dd73193e4b76" testName="BoxingSim.Tests.BoutValueTests.TheSameFightIsWorthMoreAtHeavyweight" computerName="MPQ" duration="00:00:00.0000855" startTime="2026-07-31T09:15:18.4988009-04:00" endTime="2026-07-31T09:15:18.4988183-04:00" testType="13cdc9d9-ddb5-4fa4-a97d-d965ccfc6d4b" outcome="Passed" testListId="8c84fa94-04c1-424b-9868-57a2d4851a1d" relativeResultsDirectory="5a2542d5-2a1a-482a-af00-f98911795e78" />
    <UnitTestResult executionId="af2fb8fd-06f7-4ec7-a85b-079e0a1a479d" testId="3d757daa-4b25-9ac8-7f5a-6e0e5e93a858" testName="BoxingSim.Tests.OpponentTests.ATitleShotIsEarnedAndNeverBackToBack" computerName="MPQ" duration="00:00:00.0007633" startTime="2026-07-31T09:16:26.1209694-04:00" endTime="2026-07-31T09:16:26.1215117-04:00" testType="13cdc9d9-ddb5-4fa4-a97d-d965ccfc6d4b" outcome="Passed" testListId="8c84fa94-04c1-424b-9868-57a2d4851a1d" relativeResultsDirectory="af2fb8fd-06f7-4ec7-a85b-079e0a1a479d" />
    <UnitTestResult executionId="30995761-904e-4726-be29-844e47ac6d6d" testId="74e2e090-4a5f-6421-5d93-dabbe3d42d23" testName="BoxingSim.Tests.CareerIntegrityTests.LinealChampionsAreCoherent" computerName="MPQ" duration="00:00:00.0036076" startTime="2026-07-31T09:16:17.2591083-04:00" endTime="2026-07-31T09:16:17.2626711-04:00" testType="13cdc9d9-ddb5-4fa4-a97d-d965ccfc6d4b" outcome="Passed" testListId="8c84fa94-04c1-424b-9868-57a2d4851a1d" relativeResultsDirectory="30995761-904e-4726-be29-844e47ac6d6d" />
    <UnitTestResult executionId="a5e702c4-686e-4883-8375-b67b74cfba26" testId="27afb450-4de0-8dd7-ce05-a7bcdf9c5c4d" testName="BoxingSim.Tests.GoldenMasterTests.ACareerRunsIdentically" computerName="MPQ" duration="00:00:45.0617059" startTime="2026-07-31T09:15:18.4794095-04:00" endTime="2026-07-31T09:16:03.5095481-04:00" testType="13cdc9d9-ddb5-4fa4-a97d-d965ccfc6d4b" outcome="Passed" testListId="8c84fa94-04c1-424b-9868-57a2d4851a1d" relativeResultsDirectory="a5e702c4-686e-4883-8375-b67b74cfba26" />
    <UnitTestResult executionId="0110d253-33a1-4a8e-bace-812b70689750" testId="5fb6d75e-8d34-016b-9998-93828f32084d" testName="BoxingSim.Tests.LeagueTests.RosterStaysNearTargetAcrossSeasons" computerName="MPQ" duration="00:00:04.4076958" startTime="2026-07-31T09:15:18.4793880-04:00" endTime="2026-07-31T09:15:22.8555685-04:00" testType="13cdc9d9-ddb5-4fa4-a97d-d965ccfc6d4b" outcome="Passed" testListId="8c84fa94-04c1-424b-9868-57a2d4851a1d" relativeResultsDirectory="0110d253-33a1-4a8e-bace-812b70689750" />
    <UnitTestResult executionId="6d1d4e49-188e-47d4-96ae-e0d8f636fe38" testId="0bae8d90-8296-35ee-5c3a-c442f7834433" testName="BoxingSim.Tests.ClockTests.NoHeadlineIsDatedAfterTheDayTheWorldHasReached" computerName="MPQ" duration="00:00:38.2368078" startTime="2026-07-31T09:15:18.4795468-04:00" endTime="2026-07-31T09:15:56.6845759-04:00" testType="13cdc9d9-ddb5-4fa4-a97d-d965ccfc6d4b" outcome="Passed" testListId="8c84fa94-04c1-424b-9868-57a2d4851a1d" relativeResultsDirectory="6d1d4e49-188e-47d4-96ae-e0d8f636fe38" />
    <UnitTestResult executionId="60c6e063-1302-42f0-bfab-4ef19afe377c" testId="e74dc6c5-339f-baea-c512-6de1a3213732" testName="BoxingSim.Tests.FightEngineTests.EvenlyMatchedFightersSplitRoughlyEvenly" computerName="MPQ" duration="00:00:00.5688330" startTime="2026-07-31T09:15:19.4437244-04:00" endTime="2026-07-31T09:15:20.0111051-04:00" testType="13cdc9d9-ddb5-4fa4-a97d-d965ccfc6d4b" outcome="Passed" testListId="8c84fa94-04c1-424b-9868-57a2d4851a1d" relativeResultsDirectory="60c6e063-1302-42f0-bfab-4ef19afe377c" />
    <UnitTestResult executionId="9e35c76b-0ef3-4b12-a77f-5b1a94727f03" testId="f9db2ac3-dcf3-7756-3a9c-5381fc0a6b80" testName="BoxingSim.Tests.ScoreCardsTests.AnOlderSeparatorStillReads" computerName="MPQ" duration="00:00:00.0001581" startTime="2026-07-31T09:15:18.5000150-04:00" endTime="2026-07-31T09:15:18.5000352-04:00" testType="13cdc9d9-ddb5-4fa4-a97d-d965ccfc6d4b" outcome="Passed" testListId="8c84fa94-04c1-424b-9868-57a2d4851a1d" relativeResultsDirectory="9e35c76b-0ef3-4b12-a77f-5b1a94727f03" />
    <UnitTestResult executionId="bfcd6b39-067a-4289-b7f2-e80a9882336e" testId="faa69102-0924-0c32-574b-a9898b7b531b" testName="BoxingSim.Tests.BillTests.MostOfTheBillIsNearTheMainEventsWeight" computerName="MPQ" duration="00:00:15.7056488" startTime="2026-07-31T09:16:14.6486604-04:00" endTime="2026-07-31T09:16:30.3538941-04:00" testType="13cdc9d9-ddb5-4fa4-a97d-d965ccfc6d4b" outcome="Passed" testListId="8c84fa94-04c1-424b-9868-57a2d4851a1d" relativeResultsDirectory="bfcd6b39-067a-4289-b7f2-e80a9882336e" />
    <UnitTestResult executionId="bde6fee7-3d8a-4e3c-bf05-5321a39d4fea" testId="2b0b7a26-3c74-d340-59f0-2b76cb23910f" testName="BoxingSim.Tests.FightEngineTests.HeavyweightsScoreMoreKnockoutsThanFlyweights" computerName="MPQ" duration="00:00:00.9348435" startTime="2026-07-31T09:15:18.4794518-04:00" endTime="2026-07-31T09:15:19.3828180-04:00" testType="13cdc9d9-ddb5-4fa4-a97d-d965ccfc6d4b" outcome="Passed" testListId="8c84fa94-04c1-424b-9868-57a2d4851a1d" relativeResultsDirectory="bde6fee7-3d8a-4e3c-bf05-5321a39d4fea" />
    <UnitTestResult executionId="5057b906-0fa2-4c3c-bc13-610cef7e29f5" testId="57e4181c-3193-ab87-e3c0-7cf54da7b51d" testName="BoxingSim.Tests.AgeingTests.AnOldWorldStillMakesNews" computerName="MPQ" duration="00:00:33.0087126" startTime="2026-07-31T09:16:39.3695034-04:00" endTime="2026-07-31T09:17:12.3782256-04:00" testType="13cdc9d9-ddb5-4fa4-a97d-d965ccfc6d4b" outcome="Passed" testListId="8c84fa94-04c1-424b-9868-57a2d4851a1d" relativeResultsDirectory="5057b906-0fa2-4c3c-bc13-610cef7e29f5" />
    <UnitTestResult executionId="5286df93-baa5-4c29-a763-703a235b9945" testId="d751cb6f-6288-d838-cd95-1c9f5a4e5a52" testName="BoxingSim.Tests.ClockTests.AUniverseWeekCounterMatchesItsCalendar" computerName="MPQ" duration="00:00:12.5644396" startTime="2026-07-31T09:16:16.5402746-04:00" endTime="2026-07-31T09:16:29.1042732-04:00" testType="13cdc9d9-ddb5-4fa4-a97d-d965ccfc6d4b" outcome="Passed" testListId="8c84fa94-04c1-424b-9868-57a2d4851a1d" relativeResultsDirectory="5286df93-baa5-4c29-a763-703a235b9945" />
    <UnitTestResult executionId="a6fec2be-de59-4775-be69-fe1555fbb6c5" testId="83578c3f-71cb-3955-bad3-0b943ab07700" testName="BoxingSim.Tests.CareerSaveTests.CareerRoundTripsThroughSaveAndStaysPlayable" computerName="MPQ" duration="00:00:05.5949678" startTime="2026-07-31T09:15:18.4785880-04:00" endTime="2026-07-31T09:15:24.0427550-04:00" testType="13cdc9d9-ddb5-4fa4-a97d-d965ccfc6d4b" outcome="Passed" testListId="8c84fa94-04c1-424b-9868-57a2d4851a1d" relativeResultsDirectory="a6fec2be-de59-4775-be69-fe1555fbb6c5" />
    <UnitTestResult executionId="64dab1c2-4361-41ea-a480-8a9662afab31" testId="4d3a7dd0-4adc-e9fc-6ca7-77f0a34c45ca" testName="BoxingSim.Tests.LeagueTests.SeasonsProduceFightsAndChampionsPersist" computerName="MPQ" duration="00:00:00.1726878" startTime="2026-07-31T09:15:22.8560313-04:00" endTime="2026-07-31T09:15:23.0284518-04:00" testType="13cdc9d9-ddb5-4fa4-a97d-d965ccfc6d4b" outcome="Passed" testListId="8c84fa94-04c1-424b-9868-57a2d4851a1d" relativeResultsDirectory="64dab1c2-4361-41ea-a480-8a9662afab31" />
    <UnitTestResult executionId="5eb6414f-9d19-42c5-b2a0-ae298bef83a7" testId="6f5be2cc-a081-60f4-55b9-3cfcf181a669" testName="BoxingSim.Tests.FightCallTests.AOneRoundFightStillReadsAsAFight" computerName="MPQ" duration="00:00:00.0019761" startTime="2026-07-31T09:15:18.9040636-04:00" endTime="2026-07-31T09:15:18.9058020-04:00" testType="13cdc9d9-ddb5-4fa4-a97d-d965ccfc6d4b" outcome="Passed" testListId="8c84fa94-04c1-424b-9868-57a2d4851a1d" relativeResultsDirectory="5eb6414f-9d19-42c5-b2a0-ae298bef83a7" />
    <UnitTestResult executionId="661ae5b2-1e1f-4390-8bc7-917e43af1031" testId="41b8341e-edd7-3d7f-96be-7e73efb4c5d1" testName="BoxingSim.Tests.ScoreCardsTests.NothingScoredReadsAsNoCardsRatherThanThrowing" computerName="MPQ" duration="00:00:00.0009778" startTime="2026-07-31T09:15:18.4999280-04:00" endTime="2026-07-31T09:15:18.4999564-04:00" testType="13cdc9d9-ddb5-4fa4-a97d-d965ccfc6d4b" outcome="Passed" testListId="8c84fa94-04c1-424b-9868-57a2d4851a1d" relativeResultsDirectory="661ae5b2-1e1f-4390-8bc7-917e43af1031" />
    <UnitTestResult executionId="7a2d16bf-b139-4023-a557-bd1ed723096c" testId="1d4d9016-df26-b312-4fbf-2f43e2854fd8" testName="BoxingSim.Tests.MileageScaleTests.TheDialsStartWhereCareerModeExpectsThem" computerName="MPQ" duration="00:00:00.0000505" startTime="2026-07-31T09:15:18.4930756-04:00" endTime="2026-07-31T09:15:18.4931090-04:00" testType="13cdc9d9-ddb5-4fa4-a97d-d965ccfc6d4b" outcome="Passed" testListId="8c84fa94-04c1-424b-9868-57a2d4851a1d" relativeResultsDirectory="7a2d16bf-b139-4023-a557-bd1ed723096c" />
    <UnitTestResult executionId="558f4965-08b0-400d-a72d-a4e6f09c021f" testId="06898590-a181-a91e-bba9-2dd48ca3c41a" testName="BoxingSim.Tests.BillTests.TheCardIsBoxedFromTheFootUpward" computerName="MPQ" duration="00:00:23.9235158" startTime="2026-07-31T09:15:50.7247218-04:00" endTime="2026-07-31T09:16:14.6480382-04:00" testType="13cdc9d9-ddb5-4fa4-a97d-d965ccfc6d4b" outcome="Passed" testListId="8c84fa94-04c1-424b-9868-57a2d4851a1d" relativeResultsDirectory="558f4965-08b0-400d-a72d-a4e6f09c021f" />
    <UnitTestResult executionId="5607be6b-31ae-487b-89ad-13dc63e2250b" testId="736f996b-1334-767e-f888-1016d12d0fa1" testName="BoxingSim.Tests.BoutValueTests.MoreAtStakeIsWorthMore" computerName="MPQ" duration="00:00:00.0003222" startTime="2026-07-31T09:15:18.4886181-04:00" endTime="2026-07-31T09:15:18.4934024-04:00" testType="13cdc9d9-ddb5-4fa4-a97d-d965ccfc6d4b" outcome="Passed" testListId="8c84fa94-04c1-424b-9868-57a2d4851a1d" relativeResultsDirectory="5607be6b-31ae-487b-89ad-13dc63e2250b" />
    <UnitTestResult executionId="a7169e70-a7d7-4883-a4a5-6e81fdf171a9" testId="082f5d72-6691-12f9-a2a5-7790587892a4" testName="BoxingSim.Tests.TitleShotTests.AfterRefusingHeRebuildsBeforeTheNextShot" computerName="MPQ" duration="00:00:18.0976462" startTime="2026-07-31T09:15:18.4793996-04:00" endTime="2026-07-31T09:15:36.5458394-04:00" testType="13cdc9d9-ddb5-4fa4-a97d-d965ccfc6d4b" outcome="Passed" testListId="8c84fa94-04c1-424b-9868-57a2d4851a1d" relativeResultsDirectory="a7169e70-a7d7-4883-a4a5-6e81fdf171a9" />
    <UnitTestResult executionId="ae152610-d230-4f86-aaf7-65fcba827c0e" testId="09076617-6725-f3d2-fc28-f79a4415d60c" testName="BoxingSim.Tests.CareerIntegrityTests.TitleBoutsAreNeverCrammedDaysApart" computerName="MPQ" duration="00:00:00.0006554" startTime="2026-07-31T09:16:17.2584828-04:00" endTime="2026-07-31T09:16:17.2590049-04:00" testType="13cdc9d9-ddb5-4fa4-a97d-d965ccfc6d4b" outcome="Passed" testListId="8c84fa94-04c1-424b-9868-57a2d4851a1d" relativeResultsDirectory="ae152610-d230-4f86-aaf7-65fcba827c0e" />
    <UnitTestResult executionId="c352ed58-0631-414b-af49-da9eb5a1b4bc" testId="4ce6b0f9-95e6-a81b-2a58-eb8f424289d4" testName="BoxingSim.Tests.FightEngineTests.SameSeedProducesIdenticalResult" computerName="MPQ" duration="00:00:00.0110501" startTime="2026-07-31T09:15:20.1429878-04:00" endTime="2026-07-31T09:15:20.1538935-04:00" testType="13cdc9d9-ddb5-4fa4-a97d-d965ccfc6d4b" outcome="Passed" testListId="8c84fa94-04c1-424b-9868-57a2d4851a1d" relativeResultsDirectory="c352ed58-0631-414b-af49-da9eb5a1b4bc" />
    <UnitTestResult executionId="efcacc80-e3ae-4433-a05e-b7be17e08c22" testId="f923f172-5e6f-33d2-0387-5eee044d3988" testName="BoxingSim.Tests.BoutValueTests.AStarAgainstAJourneymanStillBeatsTwoNobodies" computerName="MPQ" duration="00:00:00.0000793" startTime="2026-07-31T09:15:18.4966202-04:00" endTime="2026-07-31T09:15:18.4966455-04:00" testType="13cdc9d9-ddb5-4fa4-a97d-d965ccfc6d4b" outcome="Passed" testListId="8c84fa94-04c1-424b-9868-57a2d4851a1d" relativeResultsDirectory="efcacc80-e3ae-4433-a05e-b7be17e08c22" />
    <UnitTestResult executionId="be9804d2-ce4f-46da-939f-ad92129493ac" testId="4791bcab-97ab-fef4-9648-cef67a08a48c" testName="BoxingSim.Tests.MatchmakingIntegrityTests.AReigningChampionIsNeverOfferedWithoutHisBeltOnTheLine" computerName="MPQ" duration="00:01:19.7181503" startTime="2026-07-31T09:15:18.4794186-04:00" endTime="2026-07-31T09:16:38.1658921-04:00" testType="13cdc9d9-ddb5-4fa4-a97d-d965ccfc6d4b" outcome="Passed" testListId="8c84fa94-04c1-424b-9868-57a2d4851a1d" relativeResultsDirectory="be9804d2-ce4f-46da-939f-ad92129493ac" />
    <UnitTestResult executionId="254616e1-ef01-4cf9-8dbd-f870326c97d5" testId="646ccd49-333a-b758-f617-caf533637bb5" testName="BoxingSim.Tests.OpponentTests.TheEarlyOppositionAreProfessionalOpponents" computerName="MPQ" duration="00:00:00.0006249" startTime="2026-07-31T09:16:16.8744776-04:00" endTime="2026-07-31T09:16:16.8751177-04:00" testType="13cdc9d9-ddb5-4fa4-a97d-d965ccfc6d4b" outcome="Passed" testListId="8c84fa94-04c1-424b-9868-57a2d4851a1d" relativeResultsDirectory="254616e1-ef01-4cf9-8dbd-f870326c97d5" />
    <UnitTestResult executionId="120a8e7c-b1b8-4b15-a655-d82760e26f69" testId="0bb2cf40-a3ea-921c-febd-31824f480987" testName="BoxingSim.Tests.TitleShotTests.DecliningRepeatedlyNeverFishesUpATitleShot" computerName="MPQ" duration="00:00:09.2436500" startTime="2026-07-31T09:15:57.2000669-04:00" endTime="2026-07-31T09:16:06.4436510-04:00" testType="13cdc9d9-ddb5-4fa4-a97d-d965ccfc6d4b" outcome="Passed" testListId="8c84fa94-04c1-424b-9868-57a2d4851a1d" relativeResultsDirectory="120a8e7c-b1b8-4b15-a655-d82760e26f69" />
    <UnitTestResult executionId="f50fba40-4bfd-4efb-8343-141c4cd380da" testId="67c23032-5763-1162-caf2-3dba671f01a8" testName="BoxingSim.Tests.AgeingTests.AUniverseAgesNoFasterThanItsCalendar" computerName="MPQ" duration="00:00:11.8068933" startTime="2026-07-31T09:17:12.3787564-04:00" endTime="2026-07-31T09:17:24.1851447-04:00" testType="13cdc9d9-ddb5-4fa4-a97d-d965ccfc6d4b" outcome="Passed" testListId="8c84fa94-04c1-424b-9868-57a2d4851a1d" relativeResultsDirectory="f50fba40-4bfd-4efb-8343-141c4cd380da" />
    <UnitTestResult executionId="1fdbb400-fcc8-45f6-83ee-750a536c57a0" testId="9f45ef2e-f940-2d26-fbc0-0fb0aa17db6a" testName="BoxingSim.Tests.MatchmakingIntegrityTests.AProspectIsNotMatchedWithTheDivisionsBest" computerName="MPQ" duration="00:00:23.5644810" startTime="2026-07-31T09:16:38.1661311-04:00" endTime="2026-07-31T09:17:01.7305904-04:00" testType="13cdc9d9-ddb5-4fa4-a97d-d965ccfc6d4b" outcome="Passed" testListId="8c84fa94-04c1-424b-9868-57a2d4851a1d" relativeResultsDirectory="1fdbb400-fcc8-45f6-83ee-750a536c57a0" />
    <UnitTestResult executionId="0309f9af-7b71-415b-aa8f-e8751dc0529a" testId="77950913-e5b5-cd25-1a5b-c5c6510d4fee" testName="BoxingSim.Tests.MatchmakingTests.NobodyBoxesTwiceOnTheSameDay" computerName="MPQ" duration="00:00:25.7613174" startTime="2026-07-31T09:15:50.5381657-04:00" endTime="2026-07-31T09:16:16.2992636-04:00" testType="13cdc9d9-ddb5-4fa4-a97d-d965ccfc6d4b" outcome="Passed" testListId="8c84fa94-04c1-424b-9868-57a2d4851a1d" relativeResultsDirectory="0309f9af-7b71-415b-aa8f-e8751dc0529a" />
    <UnitTestResult executionId="e3cc8ffd-ba47-4162-ab6d-bbbb68807f11" testId="23342577-437f-7955-c1bf-70220a56a06b" testName="BoxingSim.Tests.BillTests.TheTopOfTheBillIsTheMainEvent" computerName="MPQ" duration="00:00:13.2199013" startTime="2026-07-31T09:16:47.1500097-04:00" endTime="2026-07-31T09:17:00.3695003-04:00" testType="13cdc9d9-ddb5-4fa4-a97d-d965ccfc6d4b" outcome="Passed" testListId="8c84fa94-04c1-424b-9868-57a2d4851a1d" relativeResultsDirectory="e3cc8ffd-ba47-4162-ab6d-bbbb68807f11" />
    <UnitTestResult executionId="ea340613-80ba-44d6-b1b9-071eca04c0b2" testId="552f745c-1e47-ae46-ace4-ac8ee6afe975" testName="BoxingSim.Tests.FightCallTests.EveryFightProducesACall" computerName="MPQ" duration="00:00:00.0902763" startTime="2026-07-31T09:15:18.7315653-04:00" endTime="2026-07-31T09:15:18.8217559-04:00" testType="13cdc9d9-ddb5-4fa4-a97d-d965ccfc6d4b" outcome="Passed" testListId="8c84fa94-04c1-424b-9868-57a2d4851a1d" relativeResultsDirectory="ea340613-80ba-44d6-b1b9-071eca04c0b2" />
    <UnitTestResult executionId="cffd8eba-5bf2-4a97-af37-7eae0fa9d056" testId="1d4449a9-1cd5-a7c7-7853-218b7a5d837b" testName="BoxingSim.Tests.BoutValueTests.ANoviceIsNotAnUnbeatenFighter" computerName="MPQ" duration="00:00:00.0003810" startTime="2026-07-31T09:15:18.4987410-04:00" endTime="2026-07-31T09:15:18.4987600-04:00" testType="13cdc9d9-ddb5-4fa4-a97d-d965ccfc6d4b" outcome="Passed" testListId="8c84fa94-04c1-424b-9868-57a2d4851a1d" relativeResultsDirectory="cffd8eba-5bf2-4a97-af37-7eae0fa9d056" />
    <UnitTestResult executionId="8e071df4-c70a-424c-81e9-6051aced6c93" testId="8f7ed3a9-d9fe-7525-b43b-3c6e0d2d2df3" testName="BoxingSim.Tests.BoutValueTests.NoFightIsWorthLessThanNothing" computerName="MPQ" duration="00:00:00.0000595" startTime="2026-07-31T09:15:18.4963156-04:00" endTime="2026-07-31T09:15:18.4963405-04:00" testType="13cdc9d9-ddb5-4fa4-a97d-d965ccfc6d4b" outcome="Passed" testListId="8c84fa94-04c1-424b-9868-57a2d4851a1d" relativeResultsDirectory="8e071df4-c70a-424c-81e9-6051aced6c93" />
    <UnitTestResult executionId="6ae6015e-304a-4d64-944f-33443143a334" testId="c9660e24-ec39-0996-1788-4ae0fecc8dc8" testName="BoxingSim.Tests.OpponentTests.EveryOfferHasSomebodyInTheOtherCorner" computerName="MPQ" duration="00:00:25.9308537" startTime="2026-07-31T09:15:18.4793730-04:00" endTime="2026-07-31T09:15:44.3787937-04:00" testType="13cdc9d9-ddb5-4fa4-a97d-d965ccfc6d4b" outcome="Passed" testListId="8c84fa94-04c1-424b-9868-57a2d4851a1d" relativeResultsDirectory="6ae6015e-304a-4d64-944f-33443143a334" />
    <UnitTestResult executionId="f24a563c-7a42-42c9-848b-c9c2bb5c7ad7" testId="d3dc3969-a684-96a3-5c6f-50f656dad94e" testName="BoxingSim.Tests.ScoreCardsTests.WhatIsWrittenIsWhatIsRead" computerName="MPQ" duration="00:00:00.0256545" startTime="2026-07-31T09:15:18.4794323-04:00" endTime="2026-07-31T09:15:18.4998314-04:00" testType="13cdc9d9-ddb5-4fa4-a97d-d965ccfc6d4b" outcome="Passed" testListId="8c84fa94-04c1-424b-9868-57a2d4851a1d" relativeResultsDirectory="f24a563c-7a42-42c9-848b-c9c2bb5c7ad7" />
    <UnitTestResult executionId="8d0917d9-2822-4e92-845b-945d62e7a587" testId="048de1c3-cfae-603c-a8ad-605ed3cd1700" testName="BoxingSim.Tests.FightCallTests.TheCallEndsWithAVerdictThatNamesTheResult" computerName="MPQ" duration="00:00:00.0820205" startTime="2026-07-31T09:15:18.8220141-04:00" endTime="2026-07-31T09:15:18.9038113-04:00" testType="13cdc9d9-ddb5-4fa4-a97d-d965ccfc6d4b" outcome="Passed" testListId="8c84fa94-04c1-424b-9868-57a2d4851a1d" relativeResultsDirectory="8d0917d9-2822-4e92-845b-945d62e7a587" />
    <UnitTestResult executionId="fd036431-9c9c-406d-b6ba-c3f06c9b90d1" testId="72324169-dbff-b74f-27cd-2de8c583c575" testName="BoxingSim.Tests.MileageScaleTests.TheDialsAreClampedToSomethingASportCanSurvive" computerName="MPQ" duration="00:00:00.0181009" startTime="2026-07-31T09:15:18.4793561-04:00" endTime="2026-07-31T09:15:18.4831676-04:00" testType="13cdc9d9-ddb5-4fa4-a97d-d965ccfc6d4b" outcome="Passed" testListId="8c84fa94-04c1-424b-9868-57a2d4851a1d" relativeResultsDirectory="fd036431-9c9c-406d-b6ba-c3f06c9b90d1" />
    <UnitTestResult executionId="bf2e3225-ca4f-476c-b8e8-5d40aa83242f" testId="6491fe21-0d9f-dc4a-4163-8e2b44c05ed9" testName="BoxingSim.Tests.MileageScaleTests.LettingGoTwiceDoesNotUndoSomebodyElsesScope" computerName="MPQ" duration="00:00:00.0001481" startTime="2026-07-31T09:15:18.4933773-04:00" endTime="2026-07-31T09:15:18.4934934-04:00" testType="13cdc9d9-ddb5-4fa4-a97d-d965ccfc6d4b" outcome="Passed" testListId="8c84fa94-04c1-424b-9868-57a2d4851a1d" relativeResultsDirectory="bf2e3225-ca4f-476c-b8e8-5d40aa83242f" />
    <UnitTestResult executionId="c3cd85d7-c7e5-4060-9921-2dc5b65be0d3" testId="aa81718f-2bd1-8b4d-536e-950f583affd5" testName="BoxingSim.Tests.BillTests.WhereHeIsBilledIsWhereHeIsOnTheCard" computerName="MPQ" duration="00:00:16.7956423" startTime="2026-07-31T09:16:30.3539829-04:00" endTime="2026-07-31T09:16:47.1495593-04:00" testType="13cdc9d9-ddb5-4fa4-a97d-d965ccfc6d4b" outcome="Passed" testListId="8c84fa94-04c1-424b-9868-57a2d4851a1d" relativeResultsDirectory="c3cd85d7-c7e5-4060-9921-2dc5b65be0d3" />
    <UnitTestResult executionId="c94e5dda-d0f2-4b29-bb7a-831922c066a8" testId="522dbf46-2deb-fa4e-85e2-16fe5346d44d" testName="BoxingSim.Tests.OpponentTests.TheDistanceFollowsHisMileage" computerName="MPQ" duration="00:00:00.0003128" startTime="2026-07-31T09:16:16.8753190-04:00" endTime="2026-07-31T09:16:16.8754467-04:00" testType="13cdc9d9-ddb5-4fa4-a97d-d965ccfc6d4b" outcome="Passed" testListId="8c84fa94-04c1-424b-9868-57a2d4851a1d" relativeResultsDirectory="c94e5dda-d0f2-4b29-bb7a-831922c066a8" />
    <UnitTestResult executionId="04cdaf93-6cd5-4b33-a5a7-6ed4ebbf2a59" testId="24dedc14-f438-0188-3292-b11401a814a4" testName="BoxingSim.Tests.FightEngineTests.ResultNeverEndsAfterScheduledRounds" computerName="MPQ" duration="00:00:00.1313107" startTime="2026-07-31T09:15:20.0112588-04:00" endTime="2026-07-31T09:15:20.1426789-04:00" testType="13cdc9d9-ddb5-4fa4-a97d-d965ccfc6d4b" outcome="Passed" testListId="8c84fa94-04c1-424b-9868-57a2d4851a1d" relativeResultsDirectory="04cdaf93-6cd5-4b33-a5a7-6ed4ebbf2a59" />
    <UnitTestResult executionId="260423b7-5fa8-4357-9415-f01560d0c45f" testId="8ff1450a-bb8c-32e2-dd6a-01ac11556149" testName="BoxingSim.Tests.BoutValueTests.TwoAtTheTopOfTheBoardBeatTwoAtTheBottom" computerName="MPQ" duration="00:00:00.0000623" startTime="2026-07-31T09:15:18.4986680-04:00" endTime="2026-07-31T09:15:18.4986926-04:00" testType="13cdc9d9-ddb5-4fa4-a97d-d965ccfc6d4b" outcome="Passed" testListId="8c84fa94-04c1-424b-9868-57a2d4851a1d" relativeResultsDirectory="260423b7-5fa8-4357-9415-f01560d0c45f" />
    <UnitTestResult executionId="94273211-fda4-417a-8651-6f1cdd4dec0f" testId="9674928a-f85e-e6a9-a650-526e3f1cf6a4" testName="BoxingSim.Tests.ClockTests.APlayWeekAdvancesAWeek" computerName="MPQ" duration="00:00:19.8543771" startTime="2026-07-31T09:15:56.6851326-04:00" endTime="2026-07-31T09:16:16.5401551-04:00" testType="13cdc9d9-ddb5-4fa4-a97d-d965ccfc6d4b" outcome="Passed" testListId="8c84fa94-04c1-424b-9868-57a2d4851a1d" relativeResultsDirectory="94273211-fda4-417a-8651-6f1cdd4dec0f" />
    <UnitTestResult executionId="5bff3856-0a40-413a-9ce5-23981f0b7c43" testId="c89bd744-494c-e3e7-7f2b-f63f36c09a42" testName="BoxingSim.Tests.BoutValueTests.AProspectIsADrawBeforeHeHasDoneAnything" computerName="MPQ" duration="00:00:00.0003769" startTime="2026-07-31T09:15:18.4965295-04:00" endTime="2026-07-31T09:15:18.4965560-04:00" testType="13cdc9d9-ddb5-4fa4-a97d-d965ccfc6d4b" outcome="Passed" testListId="8c84fa94-04c1-424b-9868-57a2d4851a1d" relativeResultsDirectory="5bff3856-0a40-413a-9ce5-23981f0b7c43" />
    <UnitTestResult executionId="52e3a64c-d0ac-435a-a777-690d767a930a" testId="966d8500-02b2-38fd-efd0-3a381aec429b" testName="BoxingSim.Tests.OpponentTests.OnlyOneFightIsEverOnTheTable" computerName="MPQ" duration="00:00:07.3722736" startTime="2026-07-31T09:15:44.3792316-04:00" endTime="2026-07-31T09:15:51.7512147-04:00" testType="13cdc9d9-ddb5-4fa4-a97d-d965ccfc6d4b" outcome="Passed" testListId="8c84fa94-04c1-424b-9868-57a2d4851a1d" relativeResultsDirectory="52e3a64c-d0ac-435a-a777-690d767a930a" />
    <UnitTestResult executionId="be7168fd-c209-4561-8ee3-3a6f237bd0d1" testId="051a2f23-821f-ef60-9a72-f29ef80057a7" testName="BoxingSim.Tests.OpponentTests.TheSameManIsNotOfferedStraightBack" computerName="MPQ" duration="00:00:13.7947389" startTime="2026-07-31T09:15:51.7521414-04:00" endTime="2026-07-31T09:16:05.5467995-04:00" testType="13cdc9d9-ddb5-4fa4-a97d-d965ccfc6d4b" outcome="Passed" testListId="8c84fa94-04c1-424b-9868-57a2d4851a1d" relativeResultsDirectory="be7168fd-c209-4561-8ee3-3a6f237bd0d1" />
    <UnitTestResult executionId="c00ae233-8460-466a-a43e-7f385690baf4" testId="e5a19916-027e-fe17-5cad-19bdc6cc4bd9" testName="BoxingSim.Tests.BoutValueTests.TheCloserTheMatchTheBigger" computerName="MPQ" duration="00:00:00.0000790" startTime="2026-07-31T09:15:18.5007626-04:00" endTime="2026-07-31T09:15:18.5007923-04:00" testType="13cdc9d9-ddb5-4fa4-a97d-d965ccfc6d4b" outcome="Passed" testListId="8c84fa94-04c1-424b-9868-57a2d4851a1d" relativeResultsDirectory="c00ae233-8460-466a-a43e-7f385690baf4" />
    <UnitTestResult executionId="e2e8cc58-820a-4fca-a246-23083c399cd1" testId="16fffe2b-1b0c-7c8b-dbd4-f0ca42bc02de" testName="BoxingSim.Tests.BoutValueTests.AFlyweightWorldTitleOutranksAHeavyweightSixRounder" computerName="MPQ" duration="00:00:00.0001265" startTime="2026-07-31T09:15:18.4934716-04:00" endTime="2026-07-31T09:15:18.4935388-04:00" testType="13cdc9d9-ddb5-4fa4-a97d-d965ccfc6d4b" outcome="Passed" testListId="8c84fa94-04c1-424b-9868-57a2d4851a1d" relativeResultsDirectory="e2e8cc58-820a-4fca-a246-23083c399cd1" />
    <UnitTestResult executionId="dec021ae-d44c-42de-928b-8ecbe488494b" testId="b9e68abe-41d2-3d1b-5b5e-a79c8ecd7ccd" testName="BoxingSim.Tests.AgeingTests.TheCalendarNeverGoesBackwards" computerName="MPQ" duration="00:01:20.9215936" startTime="2026-07-31T09:15:18.4786226-04:00" endTime="2026-07-31T09:16:39.3694203-04:00" testType="13cdc9d9-ddb5-4fa4-a97d-d965ccfc6d4b" outcome="Passed" testListId="8c84fa94-04c1-424b-9868-57a2d4851a1d" relativeResultsDirectory="dec021ae-d44c-42de-928b-8ecbe488494b" />
    <UnitTestResult executionId="46efd490-4295-4807-8544-cfebe170db93" testId="d03e4b40-89b7-920f-df27-e3f2bca334b4" testName="BoxingSim.Tests.BoutValueTests.AReturnWithAQuestionOverItIsWorthMore" computerName="MPQ" duration="00:00:00.0184205" startTime="2026-07-31T09:15:18.4785508-04:00" endTime="2026-07-31T09:15:18.4805786-04:00" testType="13cdc9d9-ddb5-4fa4-a97d-d965ccfc6d4b" outcome="Passed" testListId="8c84fa94-04c1-424b-9868-57a2d4851a1d" relativeResultsDirectory="46efd490-4295-4807-8544-cfebe170db93" />
    <UnitTestResult executionId="f27bd62c-99ab-417e-9fb0-aa74783f940a" testId="f23bc426-fa9e-f9a0-10ea-283eef64d115" testName="BoxingSim.Tests.FightEngineTests.StrongFighterUsuallyBeatsWeakFighter" computerName="MPQ" duration="00:00:00.0591910" startTime="2026-07-31T09:15:19.3831585-04:00" endTime="2026-07-31T09:15:19.4422090-04:00" testType="13cdc9d9-ddb5-4fa4-a97d-d965ccfc6d4b" outcome="Passed" testListId="8c84fa94-04c1-424b-9868-57a2d4851a1d" relativeResultsDirectory="f27bd62c-99ab-417e-9fb0-aa74783f940a" />
    <UnitTestResult executionId="f7e8d8ea-fed0-4d9d-971e-f4193c1902af" testId="5b35e0b9-2a77-35a8-5dd1-3748d5a8aa10" testName="BoxingSim.Tests.MileageScaleTests.AScopePutsThemBackWhenItIsLetGo" computerName="MPQ" duration="00:00:00.0001137" startTime="2026-07-31T09:15:18.4885308-04:00" endTime="2026-07-31T09:15:18.4886444-04:00" testType="13cdc9d9-ddb5-4fa4-a97d-d965ccfc6d4b" outcome="Passed" testListId="8c84fa94-04c1-424b-9868-57a2d4851a1d" relativeResultsDirectory="f7e8d8ea-fed0-4d9d-971e-f4193c1902af" />
    <UnitTestResult executionId="fae580af-78e7-4bce-9d21-6f3cf5e5f8fd" testId="27bd8613-2af3-934d-a9ba-059753f0c4ef" testName="BoxingSim.Tests.TitleShotTests.DecliningATitleShotDoesNotBringItStraightBack" computerName="MPQ" duration="00:00:11.2600909" startTime="2026-07-31T09:15:36.5464442-04:00" endTime="2026-07-31T09:15:47.8057644-04:00" testType="13cdc9d9-ddb5-4fa4-a97d-d965ccfc6d4b" outcome="Passed" testListId="8c84fa94-04c1-424b-9868-57a2d4851a1d" relativeResultsDirectory="fae580af-78e7-4bce-9d21-6f3cf5e5f8fd" />
    <UnitTestResult executionId="59755e53-179d-4fcb-b5f7-f1a98055e1bc" testId="1d132d2e-fda3-06da-a4ed-71d0ceef1ac9" testName="BoxingSim.Tests.FightCallTests.AStoppageIsNeverCalledPastTheRoundItHappenedIn" computerName="MPQ" duration="00:00:00.2755341" startTime="2026-07-31T09:15:18.4786066-04:00" endTime="2026-07-31T09:15:18.7233702-04:00" testType="13cdc9d9-ddb5-4fa4-a97d-d965ccfc6d4b" outcome="Passed" testListId="8c84fa94-04c1-424b-9868-57a2d4851a1d" relativeResultsDirectory="59755e53-179d-4fcb-b5f7-f1a98055e1bc" />
    <UnitTestResult executionId="6862061a-ab25-4dac-9d96-25ce258f593f" testId="ba399a7b-824b-4b3e-d215-51db7f04caf7" testName="BoxingSim.Tests.BoutValueTests.AnUnbeatenRecordAndALongRunAreWorthSomething" computerName="MPQ" duration="00:00:00.0005666" startTime="2026-07-31T09:15:18.4977994-04:00" endTime="2026-07-31T09:15:18.4985549-04:00" testType="13cdc9d9-ddb5-4fa4-a97d-d965ccfc6d4b" outcome="Passed" testListId="8c84fa94-04c1-424b-9868-57a2d4851a1d" relativeResultsDirectory="6862061a-ab25-4dac-9d96-25ce258f593f" />
    <UnitTestResult executionId="340ccd5f-f108-423a-9834-fa0acfb360d6" testId="c59b9e08-9085-5c0a-8d9f-42f0e666a5e0" testName="BoxingSim.Tests.MatchmakingTests.NobodyBoxesTwiceInAMonth" computerName="MPQ" duration="00:00:32.0899736" startTime="2026-07-31T09:15:18.4795354-04:00" endTime="2026-07-31T09:15:50.5379416-04:00" testType="13cdc9d9-ddb5-4fa4-a97d-d965ccfc6d4b" outcome="Passed" testListId="8c84fa94-04c1-424b-9868-57a2d4851a1d" relativeResultsDirectory="340ccd5f-f108-423a-9834-fa0acfb360d6" />
    <UnitTestResult executionId="1c30383f-24b3-4a35-b1af-04ea4106a606" testId="546d69aa-fe09-7df2-aa4d-cd8923d53095" testName="BoxingSim.Tests.OpponentTests.AnUnrankedFighterIsKeptOffTheTopOfTheDivision" computerName="MPQ" duration="00:00:00.0008063" startTime="2026-07-31T09:15:51.7515223-04:00" endTime="2026-07-31T09:15:51.7520139-04:00" testType="13cdc9d9-ddb5-4fa4-a97d-d965ccfc6d4b" outcome="Passed" testListId="8c84fa94-04c1-424b-9868-57a2d4851a1d" relativeResultsDirectory="1c30383f-24b3-4a35-b1af-04ea4106a606" />
    <UnitTestResult executionId="a39cb375-3c6b-465b-9d06-7e8a44fc8f3f" testId="34340f49-1d56-b2a8-ee95-7a12195d62db" testName="BoxingSim.Tests.ScoreCardsTests.BothCornersAgreeOnTheFight" computerName="MPQ" duration="00:00:00.0030466" startTime="2026-07-31T09:15:18.5000918-04:00" endTime="2026-07-31T09:15:18.5001188-04:00" testType="13cdc9d9-ddb5-4fa4-a97d-d965ccfc6d4b" outcome="Passed" testListId="8c84fa94-04c1-424b-9868-57a2d4851a1d" relativeResultsDirectory="a39cb375-3c6b-465b-9d06-7e8a44fc8f3f" />
    <UnitTestResult executionId="cf3adad2-5a44-4dc5-b957-7af5128a79a7" testId="dd24289f-3de6-e38e-c46a-7c5bbef7c982" testName="BoxingSim.Tests.EncodingTests.TheNewsIsNotMangled" computerName="MPQ" duration="00:00:29.6417606" startTime="2026-07-31T09:15:18.4794432-04:00" endTime="2026-07-31T09:15:48.0896410-04:00" testType="13cdc9d9-ddb5-4fa4-a97d-d965ccfc6d4b" outcome="Passed" testListId="8c84fa94-04c1-424b-9868-57a2d4851a1d" relativeResultsDirectory="cf3adad2-5a44-4dc5-b957-7af5128a79a7" />
    <UnitTestResult executionId="561ff1b3-831c-4e9b-92d5-91b3b25ccdcf" testId="a492b4d7-0796-01db-81a4-422252df8ca3" testName="BoxingSim.Tests.FightCallTests.ARoundIsNeverCalledBeforeTheOneBeforeIt" computerName="MPQ" duration="00:00:00.0077333" startTime="2026-07-31T09:15:18.7234948-04:00" endTime="2026-07-31T09:15:18.7313041-04:00" testType="13cdc9d9-ddb5-4fa4-a97d-d965ccfc6d4b" outcome="Passed" testListId="8c84fa94-04c1-424b-9868-57a2d4851a1d" relativeResultsDirectory="561ff1b3-831c-4e9b-92d5-91b3b25ccdcf" />
    <UnitTestResult executionId="37d4fa3d-c433-420b-b87b-94ab7bd690fc" testId="8aaea351-7b66-5c5b-d2eb-368073777e97" testName="BoxingSim.Tests.BoutValueTests.AnEvenFightBetweenTwoContendersBeatsAWalkover" computerName="MPQ" duration="00:00:00.0000579" startTime="2026-07-31T09:15:18.4964312-04:00" endTime="2026-07-31T09:15:18.4964627-04:00" testType="13cdc9d9-ddb5-4fa4-a97d-d965ccfc6d4b" outcome="Passed" testListId="8c84fa94-04c1-424b-9868-57a2d4851a1d" relativeResultsDirectory="37d4fa3d-c433-420b-b87b-94ab7bd690fc" />
    <UnitTestResult executionId="2d5c6cbc-2736-4019-93ca-40f11bbb0bde" testId="2f177f11-58ba-78cd-a688-9083ad7bb9b1" testName="BoxingSim.Tests.GoldenMasterTests.AUniverseRunsIdentically" computerName="MPQ" duration="00:00:01.9284860" startTime="2026-07-31T09:16:03.5100001-04:00" endTime="2026-07-31T09:16:05.4380922-04:00" testType="13cdc9d9-ddb5-4fa4-a97d-d965ccfc6d4b" outcome="Passed" testListId="8c84fa94-04c1-424b-9868-57a2d4851a1d" relativeResultsDirectory="2d5c6cbc-2736-4019-93ca-40f11bbb0bde" />
    <UnitTestResult executionId="b15de369-bd36-4abe-a99f-1cfa06c9797a" testId="76bb9188-5c64-78fc-cdea-ba158ed8cad9" testName="BoxingSim.Tests.TitleShotTests.PassingOnABeltIsInTheNews" computerName="MPQ" duration="00:00:08.7259761" startTime="2026-07-31T09:16:06.4437731-04:00" endTime="2026-07-31T09:16:15.1697991-04:00" testType="13cdc9d9-ddb5-4fa4-a97d-d965ccfc6d4b" outcome="Passed" testListId="8c84fa94-04c1-424b-9868-57a2d4851a1d" relativeResultsDirectory="b15de369-bd36-4abe-a99f-1cfa06c9797a" />
    <UnitTestResult executionId="b833e12a-f4f7-4bac-8925-1b54627a5330" testId="874de2bb-3f94-f0ce-07e8-f0784f8899f2" testName="BoxingSim.Tests.OpponentTests.NobodyIsMetMoreThanThreeTimes" computerName="MPQ" duration="00:00:09.2452305" startTime="2026-07-31T09:16:16.8755331-04:00" endTime="2026-07-31T09:16:26.1206903-04:00" testType="13cdc9d9-ddb5-4fa4-a97d-d965ccfc6d4b" outcome="Passed" testListId="8c84fa94-04c1-424b-9868-57a2d4851a1d" relativeResultsDirectory="b833e12a-f4f7-4bac-8925-1b54627a5330" />
    <UnitTestResult executionId="e2672f86-9e65-4c06-b5b9-deb673fd7e58" testId="c9e2b1dc-8c74-eb9a-ec8d-ddd16e59b594" testName="BoxingSim.Tests.BillTests.ABillRunsAcrossTheWeights" computerName="MPQ" duration="00:00:32.2765608" startTime="2026-07-31T09:15:18.4769138-04:00" endTime="2026-07-31T09:15:50.7244943-04:00" testType="13cdc9d9-ddb5-4fa4-a97d-d965ccfc6d4b" outcome="Passed" testListId="8c84fa94-04c1-424b-9868-57a2d4851a1d" relativeResultsDirectory="e2672f86-9e65-4c06-b5b9-deb673fd7e58" />
  </Results>
  <TestDefinitions>
    <UnitTest name="BoxingSim.Tests.ScoreCardsTests.BothCornersAgreeOnTheFight" storage="c:\users\matth\boxingsim\tests\boxingsim.tests\bin\debug\net10.0\boxingsim.tests.dll" id="34340f49-1d56-b2a8-ee95-7a12195d62db">
      <Execution id="a39cb375-3c6b-465b-9d06-7e8a44fc8f3f" />
      <TestMethod codeBase="c:\Users\matth\BoxingSim\tests\BoxingSim.Tests\bin\Debug\net10.0\BoxingSim.Tests.dll" adapterTypeName="executor://xunit/VsTestRunner3/netcore/" className="BoxingSim.Tests.ScoreCardsTests" name="BothCornersAgreeOnTheFight" />
    </UnitTest>
    <UnitTest name="BoxingSim.Tests.BoutValueTests.ABillBuildsToTheBiggestFight" storage="c:\users\matth\boxingsim\tests\boxingsim.tests\bin\debug\net10.0\boxingsim.tests.dll" id="04423875-5429-52a8-d6a2-e8f2ce0808db">
      <Execution id="d1324741-941e-4de3-ab95-01f29512094e" />
      <TestMethod codeBase="c:\Users\matth\BoxingSim\tests\BoxingSim.Tests\bin\Debug\net10.0\BoxingSim.Tests.dll" adapterTypeName="executor://xunit/VsTestRunner3/netcore/" className="BoxingSim.Tests.BoutValueTests" name="ABillBuildsToTheBiggestFight" />
    </UnitTest>
    <UnitTest name="BoxingSim.Tests.FightCallTests.TheCallEndsWithAVerdictThatNamesTheResult" storage="c:\users\matth\boxingsim\tests\boxingsim.tests\bin\debug\net10.0\boxingsim.tests.dll" id="048de1c3-cfae-603c-a8ad-605ed3cd1700">
      <Execution id="8d0917d9-2822-4e92-845b-945d62e7a587" />
      <TestMethod codeBase="c:\Users\matth\BoxingSim\tests\BoxingSim.Tests\bin\Debug\net10.0\BoxingSim.Tests.dll" adapterTypeName="executor://xunit/VsTestRunner3/netcore/" className="BoxingSim.Tests.FightCallTests" name="TheCallEndsWithAVerdictThatNamesTheResult" />
    </UnitTest>
    <UnitTest name="BoxingSim.Tests.OpponentTests.TheDistanceFollowsHisMileage" storage="c:\users\matth\boxingsim\tests\boxingsim.tests\bin\debug\net10.0\boxingsim.tests.dll" id="522dbf46-2deb-fa4e-85e2-16fe5346d44d">
      <Execution id="c94e5dda-d0f2-4b29-bb7a-831922c066a8" />
      <TestMethod codeBase="c:\Users\matth\BoxingSim\tests\BoxingSim.Tests\bin\Debug\net10.0\BoxingSim.Tests.dll" adapterTypeName="executor://xunit/VsTestRunner3/netcore/" className="BoxingSim.Tests.OpponentTests" name="TheDistanceFollowsHisMileage" />
    </UnitTest>
    <UnitTest name="BoxingSim.Tests.BoutValueTests.NoFightIsWorthLessThanNothing" storage="c:\users\matth\boxingsim\tests\boxingsim.tests\bin\debug\net10.0\boxingsim.tests.dll" id="8f7ed3a9-d9fe-7525-b43b-3c6e0d2d2df3">
      <Execution id="8e071df4-c70a-424c-81e9-6051aced6c93" />
      <TestMethod codeBase="c:\Users\matth\BoxingSim\tests\BoxingSim.Tests\bin\Debug\net10.0\BoxingSim.Tests.dll" adapterTypeName="executor://xunit/VsTestRunner3/netcore/" className="BoxingSim.Tests.BoutValueTests" name="NoFightIsWorthLessThanNothing" />
    </UnitTest>
    <UnitTest name="BoxingSim.Tests.CareerIntegrityTests.SingleBeltBoutsDoNotFollowAMergeImmediately" storage="c:\users\matth\boxingsim\tests\boxingsim.tests\bin\debug\net10.0\boxingsim.tests.dll" id="48ef8ab2-1c42-d591-d86c-03b07107cf2e">
      <Execution id="51802eef-a7b3-4e4d-a3c1-1aea7f8d6c1c" />
      <TestMethod codeBase="c:\Users\matth\BoxingSim\tests\BoxingSim.Tests\bin\Debug\net10.0\BoxingSim.Tests.dll" adapterTypeName="executor://xunit/VsTestRunner3/netcore/" className="BoxingSim.Tests.CareerIntegrityTests" name="SingleBeltBoutsDoNotFollowAMergeImmediately" />
    </UnitTest>
    <UnitTest name="BoxingSim.Tests.AgeingTests.AnOldWorldStillMakesNews" storage="c:\users\matth\boxingsim\tests\boxingsim.tests\bin\debug\net10.0\boxingsim.tests.dll" id="57e4181c-3193-ab87-e3c0-7cf54da7b51d">
      <Execution id="5057b906-0fa2-4c3c-bc13-610cef7e29f5" />
      <TestMethod codeBase="c:\Users\matth\BoxingSim\tests\BoxingSim.Tests\bin\Debug\net10.0\BoxingSim.Tests.dll" adapterTypeName="executor://xunit/VsTestRunner3/netcore/" className="BoxingSim.Tests.AgeingTests" name="AnOldWorldStillMakesNews" />
    </UnitTest>
    <UnitTest name="BoxingSim.Tests.BillTests.TheCardIsBoxedFromTheFootUpward" storage="c:\users\matth\boxingsim\tests\boxingsim.tests\bin\debug\net10.0\boxingsim.tests.dll" id="06898590-a181-a91e-bba9-2dd48ca3c41a">
      <Execution id="558f4965-08b0-400d-a72d-a4e6f09c021f" />
      <TestMethod codeBase="c:\Users\matth\BoxingSim\tests\BoxingSim.Tests\bin\Debug\net10.0\BoxingSim.Tests.dll" adapterTypeName="executor://xunit/VsTestRunner3/netcore/" className="BoxingSim.Tests.BillTests" name="TheCardIsBoxedFromTheFootUpward" />
    </UnitTest>
    <UnitTest name="BoxingSim.Tests.OpponentTests.ATitleShotIsEarnedAndNeverBackToBack" storage="c:\users\matth\boxingsim\tests\boxingsim.tests\bin\debug\net10.0\boxingsim.tests.dll" id="3d757daa-4b25-9ac8-7f5a-6e0e5e93a858">
      <Execution id="af2fb8fd-06f7-4ec7-a85b-079e0a1a479d" />
      <TestMethod codeBase="c:\Users\matth\BoxingSim\tests\BoxingSim.Tests\bin\Debug\net10.0\BoxingSim.Tests.dll" adapterTypeName="executor://xunit/VsTestRunner3/netcore/" className="BoxingSim.Tests.OpponentTests" name="ATitleShotIsEarnedAndNeverBackToBack" />
    </UnitTest>
    <UnitTest name="BoxingSim.Tests.BoutValueTests.AFlyweightWorldTitleOutranksAHeavyweightSixRounder" storage="c:\users\matth\boxingsim\tests\boxingsim.tests\bin\debug\net10.0\boxingsim.tests.dll" id="16fffe2b-1b0c-7c8b-dbd4-f0ca42bc02de">
      <Execution id="e2e8cc58-820a-4fca-a246-23083c399cd1" />
      <TestMethod codeBase="c:\Users\matth\BoxingSim\tests\BoxingSim.Tests\bin\Debug\net10.0\BoxingSim.Tests.dll" adapterTypeName="executor://xunit/VsTestRunner3/netcore/" className="BoxingSim.Tests.BoutValueTests" name="AFlyweightWorldTitleOutranksAHeavyweightSixRounder" />
    </UnitTest>
    <UnitTest name="BoxingSim.Tests.BoutValueTests.TwoAtTheTopOfTheBoardBeatTwoAtTheBottom" storage="c:\users\matth\boxingsim\tests\boxingsim.tests\bin\debug\net10.0\boxingsim.tests.dll" id="8ff1450a-bb8c-32e2-dd6a-01ac11556149">
      <Execution id="260423b7-5fa8-4357-9415-f01560d0c45f" />
      <TestMethod codeBase="c:\Users\matth\BoxingSim\tests\BoxingSim.Tests\bin\Debug\net10.0\BoxingSim.Tests.dll" adapterTypeName="executor://xunit/VsTestRunner3/netcore/" className="BoxingSim.Tests.BoutValueTests" name="TwoAtTheTopOfTheBoardBeatTwoAtTheBottom" />
    </UnitTest>
    <UnitTest name="BoxingSim.Tests.ClockTests.NoHeadlineIsDatedAfterTheDayTheWorldHasReached" storage="c:\users\matth\boxingsim\tests\boxingsim.tests\bin\debug\net10.0\boxingsim.tests.dll" id="0bae8d90-8296-35ee-5c3a-c442f7834433">
      <Execution id="6d1d4e49-188e-47d4-96ae-e0d8f636fe38" />
      <TestMethod codeBase="c:\Users\matth\BoxingSim\tests\BoxingSim.Tests\bin\Debug\net10.0\BoxingSim.Tests.dll" adapterTypeName="executor://xunit/VsTestRunner3/netcore/" className="BoxingSim.Tests.ClockTests" name="NoHeadlineIsDatedAfterTheDayTheWorldHasReached" />
    </UnitTest>
    <UnitTest name="BoxingSim.Tests.ClockTests.AWaitNeverOvershootsFightNight" storage="c:\users\matth\boxingsim\tests\boxingsim.tests\bin\debug\net10.0\boxingsim.tests.dll" id="e1a30083-951f-6d92-4679-aca7c23d8f7c">
      <Execution id="ff3469a7-3e70-472f-a584-a8a3f9f52b2a" />
      <TestMethod codeBase="c:\Users\matth\BoxingSim\tests\BoxingSim.Tests\bin\Debug\net10.0\BoxingSim.Tests.dll" adapterTypeName="executor://xunit/VsTestRunner3/netcore/" className="BoxingSim.Tests.ClockTests" name="AWaitNeverOvershootsFightNight" />
    </UnitTest>
    <UnitTest name="BoxingSim.Tests.OpponentTests.TheSameManIsNotOfferedStraightBack" storage="c:\users\matth\boxingsim\tests\boxingsim.tests\bin\debug\net10.0\boxingsim.tests.dll" id="051a2f23-821f-ef60-9a72-f29ef80057a7">
      <Execution id="be7168fd-c209-4561-8ee3-3a6f237bd0d1" />
      <TestMethod codeBase="c:\Users\matth\BoxingSim\tests\BoxingSim.Tests\bin\Debug\net10.0\BoxingSim.Tests.dll" adapterTypeName="executor://xunit/VsTestRunner3/netcore/" className="BoxingSim.Tests.OpponentTests" name="TheSameManIsNotOfferedStraightBack" />
    </UnitTest>
    <UnitTest name="BoxingSim.Tests.LeagueTests.SeedingFillsEveryDivisionAndCrownsChampions" storage="c:\users\matth\boxingsim\tests\boxingsim.tests\bin\debug\net10.0\boxingsim.tests.dll" id="f15514d5-6aa9-ef32-a4f5-45b74dd1f26e">
      <Execution id="c37d810a-57e6-4aa9-b176-c382456db32e" />
      <TestMethod codeBase="c:\Users\matth\BoxingSim\tests\BoxingSim.Tests\bin\Debug\net10.0\BoxingSim.Tests.dll" adapterTypeName="executor://xunit/VsTestRunner3/netcore/" className="BoxingSim.Tests.LeagueTests" name="SeedingFillsEveryDivisionAndCrownsChampions" />
    </UnitTest>
    <UnitTest name="BoxingSim.Tests.MatchmakingIntegrityTests.AProspectIsNotMatchedWithTheDivisionsBest" storage="c:\users\matth\boxingsim\tests\boxingsim.tests\bin\debug\net10.0\boxingsim.tests.dll" id="9f45ef2e-f940-2d26-fbc0-0fb0aa17db6a">
      <Execution id="1fdbb400-fcc8-45f6-83ee-750a536c57a0" />
      <TestMethod codeBase="c:\Users\matth\BoxingSim\tests\BoxingSim.Tests\bin\Debug\net10.0\BoxingSim.Tests.dll" adapterTypeName="executor://xunit/VsTestRunner3/netcore/" className="BoxingSim.Tests.MatchmakingIntegrityTests" name="AProspectIsNotMatchedWithTheDivisionsBest" />
    </UnitTest>
    <UnitTest name="BoxingSim.Tests.MatchmakingIntegrityTests.AReigningChampionIsNeverOfferedWithoutHisBeltOnTheLine" storage="c:\users\matth\boxingsim\tests\boxingsim.tests\bin\debug\net10.0\boxingsim.tests.dll" id="4791bcab-97ab-fef4-9648-cef67a08a48c">
      <Execution id="be9804d2-ce4f-46da-939f-ad92129493ac" />
      <TestMethod codeBase="c:\Users\matth\BoxingSim\tests\BoxingSim.Tests\bin\Debug\net10.0\BoxingSim.Tests.dll" adapterTypeName="executor://xunit/VsTestRunner3/netcore/" className="BoxingSim.Tests.MatchmakingIntegrityTests" name="AReigningChampionIsNeverOfferedWithoutHisBeltOnTheLine" />
    </UnitTest>
    <UnitTest name="BoxingSim.Tests.MatchmakingTests.NobodyBoxesTwiceInAMonth" storage="c:\users\matth\boxingsim\tests\boxingsim.tests\bin\debug\net10.0\boxingsim.tests.dll" id="c59b9e08-9085-5c0a-8d9f-42f0e666a5e0">
      <Execution id="340ccd5f-f108-423a-9834-fa0acfb360d6" />
      <TestMethod codeBase="c:\Users\matth\BoxingSim\tests\BoxingSim.Tests\bin\Debug\net10.0\BoxingSim.Tests.dll" adapterTypeName="executor://xunit/VsTestRunner3/netcore/" className="BoxingSim.Tests.MatchmakingTests" name="NobodyBoxesTwiceInAMonth" />
    </UnitTest>
    <UnitTest name="BoxingSim.Tests.ClockTests.ALongCampHasAWeekForEveryWeek" storage="c:\users\matth\boxingsim\tests\boxingsim.tests\bin\debug\net10.0\boxingsim.tests.dll" id="96b3099b-077c-de65-9226-01763ffb9f05">
      <Execution id="b54d9d68-7a36-42cf-a53d-b7b8f2c76583" />
      <TestMethod codeBase="c:\Users\matth\BoxingSim\tests\BoxingSim.Tests\bin\Debug\net10.0\BoxingSim.Tests.dll" adapterTypeName="executor://xunit/VsTestRunner3/netcore/" className="BoxingSim.Tests.ClockTests" name="ALongCampHasAWeekForEveryWeek" />
    </UnitTest>
    <UnitTest name="BoxingSim.Tests.AgeingTests.TheCalendarNeverGoesBackwards" storage="c:\users\matth\boxingsim\tests\boxingsim.tests\bin\debug\net10.0\boxingsim.tests.dll" id="b9e68abe-41d2-3d1b-5b5e-a79c8ecd7ccd">
      <Execution id="dec021ae-d44c-42de-928b-8ecbe488494b" />
      <TestMethod codeBase="c:\Users\matth\BoxingSim\tests\BoxingSim.Tests\bin\Debug\net10.0\BoxingSim.Tests.dll" adapterTypeName="executor://xunit/VsTestRunner3/netcore/" className="BoxingSim.Tests.AgeingTests" name="TheCalendarNeverGoesBackwards" />
    </UnitTest>
    <UnitTest name="BoxingSim.Tests.FightCallTests.ARoundIsNeverCalledBeforeTheOneBeforeIt" storage="c:\users\matth\boxingsim\tests\boxingsim.tests\bin\debug\net10.0\boxingsim.tests.dll" id="a492b4d7-0796-01db-81a4-422252df8ca3">
      <Execution id="561ff1b3-831c-4e9b-92d5-91b3b25ccdcf" />
      <TestMethod codeBase="c:\Users\matth\BoxingSim\tests\BoxingSim.Tests\bin\Debug\net10.0\BoxingSim.Tests.dll" adapterTypeName="executor://xunit/VsTestRunner3/netcore/" className="BoxingSim.Tests.FightCallTests" name="ARoundIsNeverCalledBeforeTheOneBeforeIt" />
    </UnitTest>
    <UnitTest name="BoxingSim.Tests.MileageScaleTests.TheDialsStartWhereCareerModeExpectsThem" storage="c:\users\matth\boxingsim\tests\boxingsim.tests\bin\debug\net10.0\boxingsim.tests.dll" id="1d4d9016-df26-b312-4fbf-2f43e2854fd8">
      <Execution id="7a2d16bf-b139-4023-a557-bd1ed723096c" />
      <TestMethod codeBase="c:\Users\matth\BoxingSim\tests\BoxingSim.Tests\bin\Debug\net10.0\BoxingSim.Tests.dll" adapterTypeName="executor://xunit/VsTestRunner3/netcore/" className="BoxingSim.Tests.MileageScaleTests" name="TheDialsStartWhereCareerModeExpectsThem" />
    </UnitTest>
    <UnitTest name="BoxingSim.Tests.FightCallTests.AOneRoundFightStillReadsAsAFight" storage="c:\users\matth\boxingsim\tests\boxingsim.tests\bin\debug\net10.0\boxingsim.tests.dll" id="6f5be2cc-a081-60f4-55b9-3cfcf181a669">
      <Execution id="5eb6414f-9d19-42c5-b2a0-ae298bef83a7" />
      <TestMethod codeBase="c:\Users\matth\BoxingSim\tests\BoxingSim.Tests\bin\Debug\net10.0\BoxingSim.Tests.dll" adapterTypeName="executor://xunit/VsTestRunner3/netcore/" className="BoxingSim.Tests.FightCallTests" name="AOneRoundFightStillReadsAsAFight" />
    </UnitTest>
    <UnitTest name="BoxingSim.Tests.CareerIntegrityTests.NobodyClimbsFurtherThanHisFrameAllows" storage="c:\users\matth\boxingsim\tests\boxingsim.tests\bin\debug\net10.0\boxingsim.tests.dll" id="e9dbea72-0e19-7e4f-4999-c817dd115880">
      <Execution id="a189e2f1-b327-4896-9f18-1242b0a8e734" />
      <TestMethod codeBase="c:\Users\matth\BoxingSim\tests\BoxingSim.Tests\bin\Debug\net10.0\BoxingSim.Tests.dll" adapterTypeName="executor://xunit/VsTestRunner3/netcore/" className="BoxingSim.Tests.CareerIntegrityTests" name="NobodyClimbsFurtherThanHisFrameAllows" />
    </UnitTest>
    <UnitTest name="BoxingSim.Tests.CareerIntegrityTests.ReignLengthsStayRealistic" storage="c:\users\matth\boxingsim\tests\boxingsim.tests\bin\debug\net10.0\boxingsim.tests.dll" id="cd0e91a4-93f3-b904-fe67-5e550afa64cb">
      <Execution id="7efbdb44-e858-4372-9361-ad35a533eb54" />
      <TestMethod codeBase="c:\Users\matth\BoxingSim\tests\BoxingSim.Tests\bin\Debug\net10.0\BoxingSim.Tests.dll" adapterTypeName="executor://xunit/VsTestRunner3/netcore/" className="BoxingSim.Tests.CareerIntegrityTests" name="ReignLengthsStayRealistic" />
    </UnitTest>
    <UnitTest name="BoxingSim.Tests.OpponentTests.AWorldChampionIsOnlyMetForHisBelt" storage="c:\users\matth\boxingsim\tests\boxingsim.tests\bin\debug\net10.0\boxingsim.tests.dll" id="553548a8-6aa5-c464-2018-93a7ce6b3ed1">
      <Execution id="c9ea8fa5-8ebf-45cc-94ed-ff95efc03b28" />
      <TestMethod codeBase="c:\Users\matth\BoxingSim\tests\BoxingSim.Tests\bin\Debug\net10.0\BoxingSim.Tests.dll" adapterTypeName="executor://xunit/VsTestRunner3/netcore/" className="BoxingSim.Tests.OpponentTests" name="AWorldChampionIsOnlyMetForHisBelt" />
    </UnitTest>
    <UnitTest name="BoxingSim.Tests.ScoreCardsTests.WhatIsWrittenIsWhatIsRead" storage="c:\users\matth\boxingsim\tests\boxingsim.tests\bin\debug\net10.0\boxingsim.tests.dll" id="d3dc3969-a684-96a3-5c6f-50f656dad94e">
      <Execution id="f24a563c-7a42-42c9-848b-c9c2bb5c7ad7" />
      <TestMethod codeBase="c:\Users\matth\BoxingSim\tests\BoxingSim.Tests\bin\Debug\net10.0\BoxingSim.Tests.dll" adapterTypeName="executor://xunit/VsTestRunner3/netcore/" className="BoxingSim.Tests.ScoreCardsTests" name="WhatIsWrittenIsWhatIsRead" />
    </UnitTest>
    <UnitTest name="BoxingSim.Tests.AgeingTests.AUniverseAgesNoFasterThanItsCalendar" storage="c:\users\matth\boxingsim\tests\boxingsim.tests\bin\debug\net10.0\boxingsim.tests.dll" id="67c23032-5763-1162-caf2-3dba671f01a8">
      <Execution id="f50fba40-4bfd-4efb-8343-141c4cd380da" />
      <TestMethod codeBase="c:\Users\matth\BoxingSim\tests\BoxingSim.Tests\bin\Debug\net10.0\BoxingSim.Tests.dll" adapterTypeName="executor://xunit/VsTestRunner3/netcore/" className="BoxingSim.Tests.AgeingTests" name="AUniverseAgesNoFasterThanItsCalendar" />
    </UnitTest>
    <UnitTest name="BoxingSim.Tests.BoutValueTests.ANoviceIsNotAnUnbeatenFighter" storage="c:\users\matth\boxingsim\tests\boxingsim.tests\bin\debug\net10.0\boxingsim.tests.dll" id="1d4449a9-1cd5-a7c7-7853-218b7a5d837b">
      <Execution id="cffd8eba-5bf2-4a97-af37-7eae0fa9d056" />
      <TestMethod codeBase="c:\Users\matth\BoxingSim\tests\BoxingSim.Tests\bin\Debug\net10.0\BoxingSim.Tests.dll" adapterTypeName="executor://xunit/VsTestRunner3/netcore/" className="BoxingSim.Tests.BoutValueTests" name="ANoviceIsNotAnUnbeatenFighter" />
    </UnitTest>
    <UnitTest name="BoxingSim.Tests.OpponentTests.EveryOfferHasSomebodyInTheOtherCorner" storage="c:\users\matth\boxingsim\tests\boxingsim.tests\bin\debug\net10.0\boxingsim.tests.dll" id="c9660e24-ec39-0996-1788-4ae0fecc8dc8">
      <Execution id="6ae6015e-304a-4d64-944f-33443143a334" />
      <TestMethod codeBase="c:\Users\matth\BoxingSim\tests\BoxingSim.Tests\bin\Debug\net10.0\BoxingSim.Tests.dll" adapterTypeName="executor://xunit/VsTestRunner3/netcore/" className="BoxingSim.Tests.OpponentTests" name="EveryOfferHasSomebodyInTheOtherCorner" />
    </UnitTest>
    <UnitTest name="BoxingSim.Tests.EncodingTests.TheCommentaryIsNotMangled" storage="c:\users\matth\boxingsim\tests\boxingsim.tests\bin\debug\net10.0\boxingsim.tests.dll" id="7aad26fe-0563-e9cf-0f8a-cc27d760e63a">
      <Execution id="3a987453-e64a-4fd7-96f4-1dd99ed053eb" />
      <TestMethod codeBase="c:\Users\matth\BoxingSim\tests\BoxingSim.Tests\bin\Debug\net10.0\BoxingSim.Tests.dll" adapterTypeName="executor://xunit/VsTestRunner3/netcore/" className="BoxingSim.Tests.EncodingTests" name="TheCommentaryIsNotMangled" />
    </UnitTest>
    <UnitTest name="BoxingSim.Tests.ScoreCardsTests.NothingScoredReadsAsNoCardsRatherThanThrowing" storage="c:\users\matth\boxingsim\tests\boxingsim.tests\bin\debug\net10.0\boxingsim.tests.dll" id="41b8341e-edd7-3d7f-96be-7e73efb4c5d1">
      <Execution id="661ae5b2-1e1f-4390-8bc7-917e43af1031" />
      <TestMethod codeBase="c:\Users\matth\BoxingSim\tests\BoxingSim.Tests\bin\Debug\net10.0\BoxingSim.Tests.dll" adapterTypeName="executor://xunit/VsTestRunner3/netcore/" className="BoxingSim.Tests.ScoreCardsTests" name="NothingScoredReadsAsNoCardsRatherThanThrowing" />
    </UnitTest>
    <UnitTest name="BoxingSim.Tests.ScoreCardsTests.AnOlderSeparatorStillReads" storage="c:\users\matth\boxingsim\tests\boxingsim.tests\bin\debug\net10.0\boxingsim.tests.dll" id="f9db2ac3-dcf3-7756-3a9c-5381fc0a6b80">
      <Execution id="9e35c76b-0ef3-4b12-a77f-5b1a94727f03" />
      <TestMethod codeBase="c:\Users\matth\BoxingSim\tests\BoxingSim.Tests\bin\Debug\net10.0\BoxingSim.Tests.dll" adapterTypeName="executor://xunit/VsTestRunner3/netcore/" className="BoxingSim.Tests.ScoreCardsTests" name="AnOlderSeparatorStillReads" />
    </UnitTest>
    <UnitTest name="BoxingSim.Tests.TitleShotTests.PassingOnABeltIsInTheNews" storage="c:\users\matth\boxingsim\tests\boxingsim.tests\bin\debug\net10.0\boxingsim.tests.dll" id="76bb9188-5c64-78fc-cdea-ba158ed8cad9">
      <Execution id="b15de369-bd36-4abe-a99f-1cfa06c9797a" />
      <TestMethod codeBase="c:\Users\matth\BoxingSim\tests\BoxingSim.Tests\bin\Debug\net10.0\BoxingSim.Tests.dll" adapterTypeName="executor://xunit/VsTestRunner3/netcore/" className="BoxingSim.Tests.TitleShotTests" name="PassingOnABeltIsInTheNews" />
    </UnitTest>
    <UnitTest name="BoxingSim.Tests.BillTests.TheTopOfTheBillIsTheMainEvent" storage="c:\users\matth\boxingsim\tests\boxingsim.tests\bin\debug\net10.0\boxingsim.tests.dll" id="23342577-437f-7955-c1bf-70220a56a06b">
      <Execution id="e3cc8ffd-ba47-4162-ab6d-bbbb68807f11" />
      <TestMethod codeBase="c:\Users\matth\BoxingSim\tests\BoxingSim.Tests\bin\Debug\net10.0\BoxingSim.Tests.dll" adapterTypeName="executor://xunit/VsTestRunner3/netcore/" className="BoxingSim.Tests.BillTests" name="TheTopOfTheBillIsTheMainEvent" />
    </UnitTest>
    <UnitTest name="BoxingSim.Tests.FightCallTests.EachRoundIsActuallyCalled" storage="c:\users\matth\boxingsim\tests\boxingsim.tests\bin\debug\net10.0\boxingsim.tests.dll" id="52f5018c-1029-9b6e-aa01-9e15291371ca">
      <Execution id="9a378082-f474-462c-b658-37c3fa67c7e3" />
      <TestMethod codeBase="c:\Users\matth\BoxingSim\tests\BoxingSim.Tests\bin\Debug\net10.0\BoxingSim.Tests.dll" adapterTypeName="executor://xunit/VsTestRunner3/netcore/" className="BoxingSim.Tests.FightCallTests" name="EachRoundIsActuallyCalled" />
    </UnitTest>
    <UnitTest name="BoxingSim.Tests.BoutValueTests.TheCloserTheMatchTheBigger" storage="c:\users\matth\boxingsim\tests\boxingsim.tests\bin\debug\net10.0\boxingsim.tests.dll" id="e5a19916-027e-fe17-5cad-19bdc6cc4bd9">
      <Execution id="c00ae233-8460-466a-a43e-7f385690baf4" />
      <TestMethod codeBase="c:\Users\matth\BoxingSim\tests\BoxingSim.Tests\bin\Debug\net10.0\BoxingSim.Tests.dll" adapterTypeName="executor://xunit/VsTestRunner3/netcore/" className="BoxingSim.Tests.BoutValueTests" name="TheCloserTheMatchTheBigger" />
    </UnitTest>
    <UnitTest name="BoxingSim.Tests.BoutValueTests.AStarAgainstAJourneymanStillBeatsTwoNobodies" storage="c:\users\matth\boxingsim\tests\boxingsim.tests\bin\debug\net10.0\boxingsim.tests.dll" id="f923f172-5e6f-33d2-0387-5eee044d3988">
      <Execution id="efcacc80-e3ae-4433-a05e-b7be17e08c22" />
      <TestMethod codeBase="c:\Users\matth\BoxingSim\tests\BoxingSim.Tests\bin\Debug\net10.0\BoxingSim.Tests.dll" adapterTypeName="executor://xunit/VsTestRunner3/netcore/" className="BoxingSim.Tests.BoutValueTests" name="AStarAgainstAJourneymanStillBeatsTwoNobodies" />
    </UnitTest>
    <UnitTest name="BoxingSim.Tests.TitleShotTests.DecliningATitleShotDoesNotBringItStraightBack" storage="c:\users\matth\boxingsim\tests\boxingsim.tests\bin\debug\net10.0\boxingsim.tests.dll" id="27bd8613-2af3-934d-a9ba-059753f0c4ef">
      <Execution id="fae580af-78e7-4bce-9d21-6f3cf5e5f8fd" />
      <TestMethod codeBase="c:\Users\matth\BoxingSim\tests\BoxingSim.Tests\bin\Debug\net10.0\BoxingSim.Tests.dll" adapterTypeName="executor://xunit/VsTestRunner3/netcore/" className="BoxingSim.Tests.TitleShotTests" name="DecliningATitleShotDoesNotBringItStraightBack" />
    </UnitTest>
    <UnitTest name="BoxingSim.Tests.LeagueTests.SeasonsProduceFightsAndChampionsPersist" storage="c:\users\matth\boxingsim\tests\boxingsim.tests\bin\debug\net10.0\boxingsim.tests.dll" id="4d3a7dd0-4adc-e9fc-6ca7-77f0a34c45ca">
      <Execution id="64dab1c2-4361-41ea-a480-8a9662afab31" />
      <TestMethod codeBase="c:\Users\matth\BoxingSim\tests\BoxingSim.Tests\bin\Debug\net10.0\BoxingSim.Tests.dll" adapterTypeName="executor://xunit/VsTestRunner3/netcore/" className="BoxingSim.Tests.LeagueTests" name="SeasonsProduceFightsAndChampionsPersist" />
    </UnitTest>
    <UnitTest name="BoxingSim.Tests.BillTests.MostOfTheBillIsNearTheMainEventsWeight" storage="c:\users\matth\boxingsim\tests\boxingsim.tests\bin\debug\net10.0\boxingsim.tests.dll" id="faa69102-0924-0c32-574b-a9898b7b531b">
      <Execution id="bfcd6b39-067a-4289-b7f2-e80a9882336e" />
      <TestMethod codeBase="c:\Users\matth\BoxingSim\tests\BoxingSim.Tests\bin\Debug\net10.0\BoxingSim.Tests.dll" adapterTypeName="executor://xunit/VsTestRunner3/netcore/" className="BoxingSim.Tests.BillTests" name="MostOfTheBillIsNearTheMainEventsWeight" />
    </UnitTest>
    <UnitTest name="BoxingSim.Tests.MatchmakingTests.NobodyBoxesTwiceOnTheSameDay" storage="c:\users\matth\boxingsim\tests\boxingsim.tests\bin\debug\net10.0\boxingsim.tests.dll" id="77950913-e5b5-cd25-1a5b-c5c6510d4fee">
      <Execution id="0309f9af-7b71-415b-aa8f-e8751dc0529a" />
      <TestMethod codeBase="c:\Users\matth\BoxingSim\tests\BoxingSim.Tests\bin\Debug\net10.0\BoxingSim.Tests.dll" adapterTypeName="executor://xunit/VsTestRunner3/netcore/" className="BoxingSim.Tests.MatchmakingTests" name="NobodyBoxesTwiceOnTheSameDay" />
    </UnitTest>
    <UnitTest name="BoxingSim.Tests.CareerIntegrityTests.VacantTitleHeadlinesAreDatedToTheirOwnBout" storage="c:\users\matth\boxingsim\tests\boxingsim.tests\bin\debug\net10.0\boxingsim.tests.dll" id="e6886556-b23f-9fcc-ee18-6bab4b74c354">
      <Execution id="67827615-51a0-4402-833d-7add220ef0e5" />
      <TestMethod codeBase="c:\Users\matth\BoxingSim\tests\BoxingSim.Tests\bin\Debug\net10.0\BoxingSim.Tests.dll" adapterTypeName="executor://xunit/VsTestRunner3/netcore/" className="BoxingSim.Tests.CareerIntegrityTests" name="VacantTitleHeadlinesAreDatedToTheirOwnBout" />
    </UnitTest>
    <UnitTest name="BoxingSim.Tests.ClockTests.AUniverseWeekCounterMatchesItsCalendar" storage="c:\users\matth\boxingsim\tests\boxingsim.tests\bin\debug\net10.0\boxingsim.tests.dll" id="d751cb6f-6288-d838-cd95-1c9f5a4e5a52">
      <Execution id="5286df93-baa5-4c29-a763-703a235b9945" />
      <TestMethod codeBase="c:\Users\matth\BoxingSim\tests\BoxingSim.Tests\bin\Debug\net10.0\BoxingSim.Tests.dll" adapterTypeName="executor://xunit/VsTestRunner3/netcore/" className="BoxingSim.Tests.ClockTests" name="AUniverseWeekCounterMatchesItsCalendar" />
    </UnitTest>
    <UnitTest name="BoxingSim.Tests.TitleShotTests.DecliningRepeatedlyNeverFishesUpATitleShot" storage="c:\users\matth\boxingsim\tests\boxingsim.tests\bin\debug\net10.0\boxingsim.tests.dll" id="0bb2cf40-a3ea-921c-febd-31824f480987">
      <Execution id="120a8e7c-b1b8-4b15-a655-d82760e26f69" />
      <TestMethod codeBase="c:\Users\matth\BoxingSim\tests\BoxingSim.Tests\bin\Debug\net10.0\BoxingSim.Tests.dll" adapterTypeName="executor://xunit/VsTestRunner3/netcore/" className="BoxingSim.Tests.TitleShotTests" name="DecliningRepeatedlyNeverFishesUpATitleShot" />
    </UnitTest>
    <UnitTest name="BoxingSim.Tests.BillTests.ABillRunsAcrossTheWeights" storage="c:\users\matth\boxingsim\tests\boxingsim.tests\bin\debug\net10.0\boxingsim.tests.dll" id="c9e2b1dc-8c74-eb9a-ec8d-ddd16e59b594">
      <Execution id="e2672f86-9e65-4c06-b5b9-deb673fd7e58" />
      <TestMethod codeBase="c:\Users\matth\BoxingSim\tests\BoxingSim.Tests\bin\Debug\net10.0\BoxingSim.Tests.dll" adapterTypeName="executor://xunit/VsTestRunner3/netcore/" className="BoxingSim.Tests.BillTests" name="ABillRunsAcrossTheWeights" />
    </UnitTest>
    <UnitTest name="BoxingSim.Tests.OpponentTests.AnUnrankedFighterIsKeptOffTheTopOfTheDivision" storage="c:\users\matth\boxingsim\tests\boxingsim.tests\bin\debug\net10.0\boxingsim.tests.dll" id="546d69aa-fe09-7df2-aa4d-cd8923d53095">
      <Execution id="1c30383f-24b3-4a35-b1af-04ea4106a606" />
      <TestMethod codeBase="c:\Users\matth\BoxingSim\tests\BoxingSim.Tests\bin\Debug\net10.0\BoxingSim.Tests.dll" adapterTypeName="executor://xunit/VsTestRunner3/netcore/" className="BoxingSim.Tests.OpponentTests" name="AnUnrankedFighterIsKeptOffTheTopOfTheDivision" />
    </UnitTest>
    <UnitTest name="BoxingSim.Tests.BillTests.WhereHeIsBilledIsWhereHeIsOnTheCard" storage="c:\users\matth\boxingsim\tests\boxingsim.tests\bin\debug\net10.0\boxingsim.tests.dll" id="aa81718f-2bd1-8b4d-536e-950f583affd5">
      <Execution id="c3cd85d7-c7e5-4060-9921-2dc5b65be0d3" />
      <TestMethod codeBase="c:\Users\matth\BoxingSim\tests\BoxingSim.Tests\bin\Debug\net10.0\BoxingSim.Tests.dll" adapterTypeName="executor://xunit/VsTestRunner3/netcore/" className="BoxingSim.Tests.BillTests" name="WhereHeIsBilledIsWhereHeIsOnTheCard" />
    </UnitTest>
    <UnitTest name="BoxingSim.Tests.BoutValueTests.AnEvenFightBetweenTwoContendersBeatsAWalkover" storage="c:\users\matth\boxingsim\tests\boxingsim.tests\bin\debug\net10.0\boxingsim.tests.dll" id="8aaea351-7b66-5c5b-d2eb-368073777e97">
      <Execution id="37d4fa3d-c433-420b-b87b-94ab7bd690fc" />
      <TestMethod codeBase="c:\Users\matth\BoxingSim\tests\BoxingSim.Tests\bin\Debug\net10.0\BoxingSim.Tests.dll" adapterTypeName="executor://xunit/VsTestRunner3/netcore/" className="BoxingSim.Tests.BoutValueTests" name="AnEvenFightBetweenTwoContendersBeatsAWalkover" />
    </UnitTest>
    <UnitTest name="BoxingSim.Tests.EncodingTests.TheNewsIsNotMangled" storage="c:\users\matth\boxingsim\tests\boxingsim.tests\bin\debug\net10.0\boxingsim.tests.dll" id="dd24289f-3de6-e38e-c46a-7c5bbef7c982">
      <Execution id="cf3adad2-5a44-4dc5-b957-7af5128a79a7" />
      <TestMethod codeBase="c:\Users\matth\BoxingSim\tests\BoxingSim.Tests\bin\Debug\net10.0\BoxingSim.Tests.dll" adapterTypeName="executor://xunit/VsTestRunner3/netcore/" className="BoxingSim.Tests.EncodingTests" name="TheNewsIsNotMangled" />
    </UnitTest>
    <UnitTest name="BoxingSim.Tests.FightCallTests.AStoppageIsNeverCalledPastTheRoundItHappenedIn" storage="c:\users\matth\boxingsim\tests\boxingsim.tests\bin\debug\net10.0\boxingsim.tests.dll" id="1d132d2e-fda3-06da-a4ed-71d0ceef1ac9">
      <Execution id="59755e53-179d-4fcb-b5f7-f1a98055e1bc" />
      <TestMethod codeBase="c:\Users\matth\BoxingSim\tests\BoxingSim.Tests\bin\Debug\net10.0\BoxingSim.Tests.dll" adapterTypeName="executor://xunit/VsTestRunner3/netcore/" className="BoxingSim.Tests.FightCallTests" name="AStoppageIsNeverCalledPastTheRoundItHappenedIn" />
    </UnitTest>
    <UnitTest name="BoxingSim.Tests.LeagueTests.RosterStaysNearTargetAcrossSeasons" storage="c:\users\matth\boxingsim\tests\boxingsim.tests\bin\debug\net10.0\boxingsim.tests.dll" id="5fb6d75e-8d34-016b-9998-93828f32084d">
      <Execution id="0110d253-33a1-4a8e-bace-812b70689750" />
      <TestMethod codeBase="c:\Users\matth\BoxingSim\tests\BoxingSim.Tests\bin\Debug\net10.0\BoxingSim.Tests.dll" adapterTypeName="executor://xunit/VsTestRunner3/netcore/" className="BoxingSim.Tests.LeagueTests" name="RosterStaysNearTargetAcrossSeasons" />
    </UnitTest>
    <UnitTest name="BoxingSim.Tests.TitleShotTests.AfterRefusingHeRebuildsBeforeTheNextShot" storage="c:\users\matth\boxingsim\tests\boxingsim.tests\bin\debug\net10.0\boxingsim.tests.dll" id="082f5d72-6691-12f9-a2a5-7790587892a4">
      <Execution id="a7169e70-a7d7-4883-a4a5-6e81fdf171a9" />
      <TestMethod codeBase="c:\Users\matth\BoxingSim\tests\BoxingSim.Tests\bin\Debug\net10.0\BoxingSim.Tests.dll" adapterTypeName="executor://xunit/VsTestRunner3/netcore/" className="BoxingSim.Tests.TitleShotTests" name="AfterRefusingHeRebuildsBeforeTheNextShot" />
    </UnitTest>
    <UnitTest name="BoxingSim.Tests.BoutValueTests.TheSameFightIsWorthMoreAtHeavyweight" storage="c:\users\matth\boxingsim\tests\boxingsim.tests\bin\debug\net10.0\boxingsim.tests.dll" id="202ff78c-5a37-3980-9b43-dd73193e4b76">
      <Execution id="5a2542d5-2a1a-482a-af00-f98911795e78" />
      <TestMethod codeBase="c:\Users\matth\BoxingSim\tests\BoxingSim.Tests\bin\Debug\net10.0\BoxingSim.Tests.dll" adapterTypeName="executor://xunit/VsTestRunner3/netcore/" className="BoxingSim.Tests.BoutValueTests" name="TheSameFightIsWorthMoreAtHeavyweight" />
    </UnitTest>
    <UnitTest name="BoxingSim.Tests.OpponentTests.TheEarlyOppositionAreProfessionalOpponents" storage="c:\users\matth\boxingsim\tests\boxingsim.tests\bin\debug\net10.0\boxingsim.tests.dll" id="646ccd49-333a-b758-f617-caf533637bb5">
      <Execution id="254616e1-ef01-4cf9-8dbd-f870326c97d5" />
      <TestMethod codeBase="c:\Users\matth\BoxingSim\tests\BoxingSim.Tests\bin\Debug\net10.0\BoxingSim.Tests.dll" adapterTypeName="executor://xunit/VsTestRunner3/netcore/" className="BoxingSim.Tests.OpponentTests" name="TheEarlyOppositionAreProfessionalOpponents" />
    </UnitTest>
    <UnitTest name="BoxingSim.Tests.MileageScaleTests.LettingGoTwiceDoesNotUndoSomebodyElsesScope" storage="c:\users\matth\boxingsim\tests\boxingsim.tests\bin\debug\net10.0\boxingsim.tests.dll" id="6491fe21-0d9f-dc4a-4163-8e2b44c05ed9">
      <Execution id="bf2e3225-ca4f-476c-b8e8-5d40aa83242f" />
      <TestMethod codeBase="c:\Users\matth\BoxingSim\tests\BoxingSim.Tests\bin\Debug\net10.0\BoxingSim.Tests.dll" adapterTypeName="executor://xunit/VsTestRunner3/netcore/" className="BoxingSim.Tests.MileageScaleTests" name="LettingGoTwiceDoesNotUndoSomebodyElsesScope" />
    </UnitTest>
    <UnitTest name="BoxingSim.Tests.CareerIntegrityTests.TitleBoutsAreNeverCrammedDaysApart" storage="c:\users\matth\boxingsim\tests\boxingsim.tests\bin\debug\net10.0\boxingsim.tests.dll" id="09076617-6725-f3d2-fc28-f79a4415d60c">
      <Execution id="ae152610-d230-4f86-aaf7-65fcba827c0e" />
      <TestMethod codeBase="c:\Users\matth\BoxingSim\tests\BoxingSim.Tests\bin\Debug\net10.0\BoxingSim.Tests.dll" adapterTypeName="executor://xunit/VsTestRunner3/netcore/" className="BoxingSim.Tests.CareerIntegrityTests" name="TitleBoutsAreNeverCrammedDaysApart" />
    </UnitTest>
    <UnitTest name="BoxingSim.Tests.OpponentTests.OnlyOneFightIsEverOnTheTable" storage="c:\users\matth\boxingsim\tests\boxingsim.tests\bin\debug\net10.0\boxingsim.tests.dll" id="966d8500-02b2-38fd-efd0-3a381aec429b">
      <Execution id="52e3a64c-d0ac-435a-a777-690d767a930a" />
      <TestMethod codeBase="c:\Users\matth\BoxingSim\tests\BoxingSim.Tests\bin\Debug\net10.0\BoxingSim.Tests.dll" adapterTypeName="executor://xunit/VsTestRunner3/netcore/" className="BoxingSim.Tests.OpponentTests" name="OnlyOneFightIsEverOnTheTable" />
    </UnitTest>
    <UnitTest name="BoxingSim.Tests.MileageScaleTests.AScopePutsThemBackWhenItIsLetGo" storage="c:\users\matth\boxingsim\tests\boxingsim.tests\bin\debug\net10.0\boxingsim.tests.dll" id="5b35e0b9-2a77-35a8-5dd1-3748d5a8aa10">
      <Execution id="f7e8d8ea-fed0-4d9d-971e-f4193c1902af" />
      <TestMethod codeBase="c:\Users\matth\BoxingSim\tests\BoxingSim.Tests\bin\Debug\net10.0\BoxingSim.Tests.dll" adapterTypeName="executor://xunit/VsTestRunner3/netcore/" className="BoxingSim.Tests.MileageScaleTests" name="AScopePutsThemBackWhenItIsLetGo" />
    </UnitTest>
    <UnitTest name="BoxingSim.Tests.OpponentTests.NobodyIsMetMoreThanThreeTimes" storage="c:\users\matth\boxingsim\tests\boxingsim.tests\bin\debug\net10.0\boxingsim.tests.dll" id="874de2bb-3f94-f0ce-07e8-f0784f8899f2">
      <Execution id="b833e12a-f4f7-4bac-8925-1b54627a5330" />
      <TestMethod codeBase="c:\Users\matth\BoxingSim\tests\BoxingSim.Tests\bin\Debug\net10.0\BoxingSim.Tests.dll" adapterTypeName="executor://xunit/VsTestRunner3/netcore/" className="BoxingSim.Tests.OpponentTests" name="NobodyIsMetMoreThanThreeTimes" />
    </UnitTest>
    <UnitTest name="BoxingSim.Tests.TitleShotTests.AGrantedShotSurvivesASaveAndReload" storage="c:\users\matth\boxingsim\tests\boxingsim.tests\bin\debug\net10.0\boxingsim.tests.dll" id="ed37ef12-6c6f-ad0a-b18a-75c7c25b0a9b">
      <Execution id="e6752d06-e75c-411c-8084-61ee416f5659" />
      <TestMethod codeBase="c:\Users\matth\BoxingSim\tests\BoxingSim.Tests\bin\Debug\net10.0\BoxingSim.Tests.dll" adapterTypeName="executor://xunit/VsTestRunner3/netcore/" className="BoxingSim.Tests.TitleShotTests" name="AGrantedShotSurvivesASaveAndReload" />
    </UnitTest>
    <UnitTest name="BoxingSim.Tests.FightCallTests.EveryFightProducesACall" storage="c:\users\matth\boxingsim\tests\boxingsim.tests\bin\debug\net10.0\boxingsim.tests.dll" id="552f745c-1e47-ae46-ace4-ac8ee6afe975">
      <Execution id="ea340613-80ba-44d6-b1b9-071eca04c0b2" />
      <TestMethod codeBase="c:\Users\matth\BoxingSim\tests\BoxingSim.Tests\bin\Debug\net10.0\BoxingSim.Tests.dll" adapterTypeName="executor://xunit/VsTestRunner3/netcore/" className="BoxingSim.Tests.FightCallTests" name="EveryFightProducesACall" />
    </UnitTest>
    <UnitTest name="BoxingSim.Tests.FightEngineTests.ResultNeverEndsAfterScheduledRounds" storage="c:\users\matth\boxingsim\tests\boxingsim.tests\bin\debug\net10.0\boxingsim.tests.dll" id="24dedc14-f438-0188-3292-b11401a814a4">
      <Execution id="04cdaf93-6cd5-4b33-a5a7-6ed4ebbf2a59" />
      <TestMethod codeBase="c:\Users\matth\BoxingSim\tests\BoxingSim.Tests\bin\Debug\net10.0\BoxingSim.Tests.dll" adapterTypeName="executor://xunit/VsTestRunner3/netcore/" className="BoxingSim.Tests.FightEngineTests" name="ResultNeverEndsAfterScheduledRounds" />
    </UnitTest>
    <UnitTest name="BoxingSim.Tests.FightEngineTests.StrongFighterUsuallyBeatsWeakFighter" storage="c:\users\matth\boxingsim\tests\boxingsim.tests\bin\debug\net10.0\boxingsim.tests.dll" id="f23bc426-fa9e-f9a0-10ea-283eef64d115">
      <Execution id="f27bd62c-99ab-417e-9fb0-aa74783f940a" />
      <TestMethod codeBase="c:\Users\matth\BoxingSim\tests\BoxingSim.Tests\bin\Debug\net10.0\BoxingSim.Tests.dll" adapterTypeName="executor://xunit/VsTestRunner3/netcore/" className="BoxingSim.Tests.FightEngineTests" name="StrongFighterUsuallyBeatsWeakFighter" />
    </UnitTest>
    <UnitTest name="BoxingSim.Tests.FightEngineTests.SameSeedProducesIdenticalResult" storage="c:\users\matth\boxingsim\tests\boxingsim.tests\bin\debug\net10.0\boxingsim.tests.dll" id="4ce6b0f9-95e6-a81b-2a58-eb8f424289d4">
      <Execution id="c352ed58-0631-414b-af49-da9eb5a1b4bc" />
      <TestMethod codeBase="c:\Users\matth\BoxingSim\tests\BoxingSim.Tests\bin\Debug\net10.0\BoxingSim.Tests.dll" adapterTypeName="executor://xunit/VsTestRunner3/netcore/" className="BoxingSim.Tests.FightEngineTests" name="SameSeedProducesIdenticalResult" />
    </UnitTest>
    <UnitTest name="BoxingSim.Tests.BoutValueTests.AnUnbeatenRecordAndALongRunAreWorthSomething" storage="c:\users\matth\boxingsim\tests\boxingsim.tests\bin\debug\net10.0\boxingsim.tests.dll" id="ba399a7b-824b-4b3e-d215-51db7f04caf7">
      <Execution id="6862061a-ab25-4dac-9d96-25ce258f593f" />
      <TestMethod codeBase="c:\Users\matth\BoxingSim\tests\BoxingSim.Tests\bin\Debug\net10.0\BoxingSim.Tests.dll" adapterTypeName="executor://xunit/VsTestRunner3/netcore/" className="BoxingSim.Tests.BoutValueTests" name="AnUnbeatenRecordAndALongRunAreWorthSomething" />
    </UnitTest>
    <UnitTest name="BoxingSim.Tests.FightEngineTests.EvenlyMatchedFightersSplitRoughlyEvenly" storage="c:\users\matth\boxingsim\tests\boxingsim.tests\bin\debug\net10.0\boxingsim.tests.dll" id="e74dc6c5-339f-baea-c512-6de1a3213732">
      <Execution id="60c6e063-1302-42f0-bfab-4ef19afe377c" />
      <TestMethod codeBase="c:\Users\matth\BoxingSim\tests\BoxingSim.Tests\bin\Debug\net10.0\BoxingSim.Tests.dll" adapterTypeName="executor://xunit/VsTestRunner3/netcore/" className="BoxingSim.Tests.FightEngineTests" name="EvenlyMatchedFightersSplitRoughlyEvenly" />
    </UnitTest>
    <UnitTest name="BoxingSim.Tests.MileageScaleTests.TheDialsAreClampedToSomethingASportCanSurvive" storage="c:\users\matth\boxingsim\tests\boxingsim.tests\bin\debug\net10.0\boxingsim.tests.dll" id="72324169-dbff-b74f-27cd-2de8c583c575">
      <Execution id="fd036431-9c9c-406d-b6ba-c3f06c9b90d1" />
      <TestMethod codeBase="c:\Users\matth\BoxingSim\tests\BoxingSim.Tests\bin\Debug\net10.0\BoxingSim.Tests.dll" adapterTypeName="executor://xunit/VsTestRunner3/netcore/" className="BoxingSim.Tests.MileageScaleTests" name="TheDialsAreClampedToSomethingASportCanSurvive" />
    </UnitTest>
    <UnitTest name="BoxingSim.Tests.FightEngineTests.HeavyweightsScoreMoreKnockoutsThanFlyweights" storage="c:\users\matth\boxingsim\tests\boxingsim.tests\bin\debug\net10.0\boxingsim.tests.dll" id="2b0b7a26-3c74-d340-59f0-2b76cb23910f">
      <Execution id="bde6fee7-3d8a-4e3c-bf05-5321a39d4fea" />
      <TestMethod codeBase="c:\Users\matth\BoxingSim\tests\BoxingSim.Tests\bin\Debug\net10.0\BoxingSim.Tests.dll" adapterTypeName="executor://xunit/VsTestRunner3/netcore/" className="BoxingSim.Tests.FightEngineTests" name="HeavyweightsScoreMoreKnockoutsThanFlyweights" />
    </UnitTest>
    <UnitTest name="BoxingSim.Tests.MileageScaleTests.ScopesRestoreWhatTheyFoundRatherThanAssumingTheDefault" storage="c:\users\matth\boxingsim\tests\boxingsim.tests\bin\debug\net10.0\boxingsim.tests.dll" id="90a32003-89f6-ad63-a573-d1d2b667f3bf">
      <Execution id="c0c50058-ef21-4db2-948f-314112b5c041" />
      <TestMethod codeBase="c:\Users\matth\BoxingSim\tests\BoxingSim.Tests\bin\Debug\net10.0\BoxingSim.Tests.dll" adapterTypeName="executor://xunit/VsTestRunner3/netcore/" className="BoxingSim.Tests.MileageScaleTests" name="ScopesRestoreWhatTheyFoundRatherThanAssumingTheDefault" />
    </UnitTest>
    <UnitTest name="BoxingSim.Tests.GoldenMasterTests.ACareerRunsIdentically" storage="c:\users\matth\boxingsim\tests\boxingsim.tests\bin\debug\net10.0\boxingsim.tests.dll" id="27afb450-4de0-8dd7-ce05-a7bcdf9c5c4d">
      <Execution id="a5e702c4-686e-4883-8375-b67b74cfba26" />
      <TestMethod codeBase="c:\Users\matth\BoxingSim\tests\BoxingSim.Tests\bin\Debug\net10.0\BoxingSim.Tests.dll" adapterTypeName="executor://xunit/VsTestRunner3/netcore/" className="BoxingSim.Tests.GoldenMasterTests" name="ACareerRunsIdentically" />
    </UnitTest>
    <UnitTest name="BoxingSim.Tests.CareerSaveTests.CareerRoundTripsThroughSaveAndStaysPlayable" storage="c:\users\matth\boxingsim\tests\boxingsim.tests\bin\debug\net10.0\boxingsim.tests.dll" id="83578c3f-71cb-3955-bad3-0b943ab07700">
      <Execution id="a6fec2be-de59-4775-be69-fe1555fbb6c5" />
      <TestMethod codeBase="c:\Users\matth\BoxingSim\tests\BoxingSim.Tests\bin\Debug\net10.0\BoxingSim.Tests.dll" adapterTypeName="executor://xunit/VsTestRunner3/netcore/" className="BoxingSim.Tests.CareerSaveTests" name="CareerRoundTripsThroughSaveAndStaysPlayable" />
    </UnitTest>
    <UnitTest name="BoxingSim.Tests.CareerIntegrityTests.LinealChampionsAreCoherent" storage="c:\users\matth\boxingsim\tests\boxingsim.tests\bin\debug\net10.0\boxingsim.tests.dll" id="74e2e090-4a5f-6421-5d93-dabbe3d42d23">
      <Execution id="30995761-904e-4726-be29-844e47ac6d6d" />
      <TestMethod codeBase="c:\Users\matth\BoxingSim\tests\BoxingSim.Tests\bin\Debug\net10.0\BoxingSim.Tests.dll" adapterTypeName="executor://xunit/VsTestRunner3/netcore/" className="BoxingSim.Tests.CareerIntegrityTests" name="LinealChampionsAreCoherent" />
    </UnitTest>
    <UnitTest name="BoxingSim.Tests.BoutValueTests.AProspectIsADrawBeforeHeHasDoneAnything" storage="c:\users\matth\boxingsim\tests\boxingsim.tests\bin\debug\net10.0\boxingsim.tests.dll" id="c89bd744-494c-e3e7-7f2b-f63f36c09a42">
      <Execution id="5bff3856-0a40-413a-9ce5-23981f0b7c43" />
      <TestMethod codeBase="c:\Users\matth\BoxingSim\tests\BoxingSim.Tests\bin\Debug\net10.0\BoxingSim.Tests.dll" adapterTypeName="executor://xunit/VsTestRunner3/netcore/" className="BoxingSim.Tests.BoutValueTests" name="AProspectIsADrawBeforeHeHasDoneAnything" />
    </UnitTest>
    <UnitTest name="BoxingSim.Tests.BoutValueTests.MoreAtStakeIsWorthMore" storage="c:\users\matth\boxingsim\tests\boxingsim.tests\bin\debug\net10.0\boxingsim.tests.dll" id="736f996b-1334-767e-f888-1016d12d0fa1">
      <Execution id="5607be6b-31ae-487b-89ad-13dc63e2250b" />
      <TestMethod codeBase="c:\Users\matth\BoxingSim\tests\BoxingSim.Tests\bin\Debug\net10.0\BoxingSim.Tests.dll" adapterTypeName="executor://xunit/VsTestRunner3/netcore/" className="BoxingSim.Tests.BoutValueTests" name="MoreAtStakeIsWorthMore" />
    </UnitTest>
    <UnitTest name="BoxingSim.Tests.GoldenMasterTests.AUniverseRunsIdentically" storage="c:\users\matth\boxingsim\tests\boxingsim.tests\bin\debug\net10.0\boxingsim.tests.dll" id="2f177f11-58ba-78cd-a688-9083ad7bb9b1">
      <Execution id="2d5c6cbc-2736-4019-93ca-40f11bbb0bde" />
      <TestMethod codeBase="c:\Users\matth\BoxingSim\tests\BoxingSim.Tests\bin\Debug\net10.0\BoxingSim.Tests.dll" adapterTypeName="executor://xunit/VsTestRunner3/netcore/" className="BoxingSim.Tests.GoldenMasterTests" name="AUniverseRunsIdentically" />
    </UnitTest>
    <UnitTest name="BoxingSim.Tests.BoutValueTests.AReturnWithAQuestionOverItIsWorthMore" storage="c:\users\matth\boxingsim\tests\boxingsim.tests\bin\debug\net10.0\boxingsim.tests.dll" id="d03e4b40-89b7-920f-df27-e3f2bca334b4">
      <Execution id="46efd490-4295-4807-8544-cfebe170db93" />
      <TestMethod codeBase="c:\Users\matth\BoxingSim\tests\BoxingSim.Tests\bin\Debug\net10.0\BoxingSim.Tests.dll" adapterTypeName="executor://xunit/VsTestRunner3/netcore/" className="BoxingSim.Tests.BoutValueTests" name="AReturnWithAQuestionOverItIsWorthMore" />
    </UnitTest>
    <UnitTest name="BoxingSim.Tests.ClockTests.APlayWeekAdvancesAWeek" storage="c:\users\matth\boxingsim\tests\boxingsim.tests\bin\debug\net10.0\boxingsim.tests.dll" id="9674928a-f85e-e6a9-a650-526e3f1cf6a4">
      <Execution id="94273211-fda4-417a-8651-6f1cdd4dec0f" />
      <TestMethod codeBase="c:\Users\matth\BoxingSim\tests\BoxingSim.Tests\bin\Debug\net10.0\BoxingSim.Tests.dll" adapterTypeName="executor://xunit/VsTestRunner3/netcore/" className="BoxingSim.Tests.ClockTests" name="APlayWeekAdvancesAWeek" />
    </UnitTest>
  </TestDefinitions>
  <TestEntries>
    <TestEntry testId="cd0e91a4-93f3-b904-fe67-5e550afa64cb" executionId="7efbdb44-e858-4372-9361-ad35a533eb54" testListId="8c84fa94-04c1-424b-9868-57a2d4851a1d" />
    <TestEntry testId="90a32003-89f6-ad63-a573-d1d2b667f3bf" executionId="c0c50058-ef21-4db2-948f-314112b5c041" testListId="8c84fa94-04c1-424b-9868-57a2d4851a1d" />
    <TestEntry testId="e1a30083-951f-6d92-4679-aca7c23d8f7c" executionId="ff3469a7-3e70-472f-a584-a8a3f9f52b2a" testListId="8c84fa94-04c1-424b-9868-57a2d4851a1d" />
    <TestEntry testId="96b3099b-077c-de65-9226-01763ffb9f05" executionId="b54d9d68-7a36-42cf-a53d-b7b8f2c76583" testListId="8c84fa94-04c1-424b-9868-57a2d4851a1d" />
    <TestEntry testId="7aad26fe-0563-e9cf-0f8a-cc27d760e63a" executionId="3a987453-e64a-4fd7-96f4-1dd99ed053eb" testListId="8c84fa94-04c1-424b-9868-57a2d4851a1d" />
    <TestEntry testId="04423875-5429-52a8-d6a2-e8f2ce0808db" executionId="d1324741-941e-4de3-ab95-01f29512094e" testListId="8c84fa94-04c1-424b-9868-57a2d4851a1d" />
    <TestEntry testId="f15514d5-6aa9-ef32-a4f5-45b74dd1f26e" executionId="c37d810a-57e6-4aa9-b176-c382456db32e" testListId="8c84fa94-04c1-424b-9868-57a2d4851a1d" />
    <TestEntry testId="48ef8ab2-1c42-d591-d86c-03b07107cf2e" executionId="51802eef-a7b3-4e4d-a3c1-1aea7f8d6c1c" testListId="8c84fa94-04c1-424b-9868-57a2d4851a1d" />
    <TestEntry testId="e6886556-b23f-9fcc-ee18-6bab4b74c354" executionId="67827615-51a0-4402-833d-7add220ef0e5" testListId="8c84fa94-04c1-424b-9868-57a2d4851a1d" />
    <TestEntry testId="ed37ef12-6c6f-ad0a-b18a-75c7c25b0a9b" executionId="e6752d06-e75c-411c-8084-61ee416f5659" testListId="8c84fa94-04c1-424b-9868-57a2d4851a1d" />
    <TestEntry testId="52f5018c-1029-9b6e-aa01-9e15291371ca" executionId="9a378082-f474-462c-b658-37c3fa67c7e3" testListId="8c84fa94-04c1-424b-9868-57a2d4851a1d" />
    <TestEntry testId="e9dbea72-0e19-7e4f-4999-c817dd115880" executionId="a189e2f1-b327-4896-9f18-1242b0a8e734" testListId="8c84fa94-04c1-424b-9868-57a2d4851a1d" />
    <TestEntry testId="553548a8-6aa5-c464-2018-93a7ce6b3ed1" executionId="c9ea8fa5-8ebf-45cc-94ed-ff95efc03b28" testListId="8c84fa94-04c1-424b-9868-57a2d4851a1d" />
    <TestEntry testId="202ff78c-5a37-3980-9b43-dd73193e4b76" executionId="5a2542d5-2a1a-482a-af00-f98911795e78" testListId="8c84fa94-04c1-424b-9868-57a2d4851a1d" />
    <TestEntry testId="3d757daa-4b25-9ac8-7f5a-6e0e5e93a858" executionId="af2fb8fd-06f7-4ec7-a85b-079e0a1a479d" testListId="8c84fa94-04c1-424b-9868-57a2d4851a1d" />
    <TestEntry testId="74e2e090-4a5f-6421-5d93-dabbe3d42d23" executionId="30995761-904e-4726-be29-844e47ac6d6d" testListId="8c84fa94-04c1-424b-9868-57a2d4851a1d" />
    <TestEntry testId="27afb450-4de0-8dd7-ce05-a7bcdf9c5c4d" executionId="a5e702c4-686e-4883-8375-b67b74cfba26" testListId="8c84fa94-04c1-424b-9868-57a2d4851a1d" />
    <TestEntry testId="5fb6d75e-8d34-016b-9998-93828f32084d" executionId="0110d253-33a1-4a8e-bace-812b70689750" testListId="8c84fa94-04c1-424b-9868-57a2d4851a1d" />
    <TestEntry testId="0bae8d90-8296-35ee-5c3a-c442f7834433" executionId="6d1d4e49-188e-47d4-96ae-e0d8f636fe38" testListId="8c84fa94-04c1-424b-9868-57a2d4851a1d" />
    <TestEntry testId="e74dc6c5-339f-baea-c512-6de1a3213732" executionId="60c6e063-1302-42f0-bfab-4ef19afe377c" testListId="8c84fa94-04c1-424b-9868-57a2d4851a1d" />
    <TestEntry testId="f9db2ac3-dcf3-7756-3a9c-5381fc0a6b80" executionId="9e35c76b-0ef3-4b12-a77f-5b1a94727f03" testListId="8c84fa94-04c1-424b-9868-57a2d4851a1d" />
    <TestEntry testId="faa69102-0924-0c32-574b-a9898b7b531b" executionId="bfcd6b39-067a-4289-b7f2-e80a9882336e" testListId="8c84fa94-04c1-424b-9868-57a2d4851a1d" />
    <TestEntry testId="2b0b7a26-3c74-d340-59f0-2b76cb23910f" executionId="bde6fee7-3d8a-4e3c-bf05-5321a39d4fea" testListId="8c84fa94-04c1-424b-9868-57a2d4851a1d" />
    <TestEntry testId="57e4181c-3193-ab87-e3c0-7cf54da7b51d" executionId="5057b906-0fa2-4c3c-bc13-610cef7e29f5" testListId="8c84fa94-04c1-424b-9868-57a2d4851a1d" />
    <TestEntry testId="d751cb6f-6288-d838-cd95-1c9f5a4e5a52" executionId="5286df93-baa5-4c29-a763-703a235b9945" testListId="8c84fa94-04c1-424b-9868-57a2d4851a1d" />
    <TestEntry testId="83578c3f-71cb-3955-bad3-0b943ab07700" executionId="a6fec2be-de59-4775-be69-fe1555fbb6c5" testListId="8c84fa94-04c1-424b-9868-57a2d4851a1d" />
    <TestEntry testId="4d3a7dd0-4adc-e9fc-6ca7-77f0a34c45ca" executionId="64dab1c2-4361-41ea-a480-8a9662afab31" testListId="8c84fa94-04c1-424b-9868-57a2d4851a1d" />
    <TestEntry testId="6f5be2cc-a081-60f4-55b9-3cfcf181a669" executionId="5eb6414f-9d19-42c5-b2a0-ae298bef83a7" testListId="8c84fa94-04c1-424b-9868-57a2d4851a1d" />
    <TestEntry testId="41b8341e-edd7-3d7f-96be-7e73efb4c5d1" executionId="661ae5b2-1e1f-4390-8bc7-917e43af1031" testListId="8c84fa94-04c1-424b-9868-57a2d4851a1d" />
    <TestEntry testId="1d4d9016-df26-b312-4fbf-2f43e2854fd8" executionId="7a2d16bf-b139-4023-a557-bd1ed723096c" testListId="8c84fa94-04c1-424b-9868-57a2d4851a1d" />
    <TestEntry testId="06898590-a181-a91e-bba9-2dd48ca3c41a" executionId="558f4965-08b0-400d-a72d-a4e6f09c021f" testListId="8c84fa94-04c1-424b-9868-57a2d4851a1d" />
    <TestEntry testId="736f996b-1334-767e-f888-1016d12d0fa1" executionId="5607be6b-31ae-487b-89ad-13dc63e2250b" testListId="8c84fa94-04c1-424b-9868-57a2d4851a1d" />
    <TestEntry testId="082f5d72-6691-12f9-a2a5-7790587892a4" executionId="a7169e70-a7d7-4883-a4a5-6e81fdf171a9" testListId="8c84fa94-04c1-424b-9868-57a2d4851a1d" />
    <TestEntry testId="09076617-6725-f3d2-fc28-f79a4415d60c" executionId="ae152610-d230-4f86-aaf7-65fcba827c0e" testListId="8c84fa94-04c1-424b-9868-57a2d4851a1d" />
    <TestEntry testId="4ce6b0f9-95e6-a81b-2a58-eb8f424289d4" executionId="c352ed58-0631-414b-af49-da9eb5a1b4bc" testListId="8c84fa94-04c1-424b-9868-57a2d4851a1d" />
    <TestEntry testId="f923f172-5e6f-33d2-0387-5eee044d3988" executionId="efcacc80-e3ae-4433-a05e-b7be17e08c22" testListId="8c84fa94-04c1-424b-9868-57a2d4851a1d" />
    <TestEntry testId="4791bcab-97ab-fef4-9648-cef67a08a48c" executionId="be9804d2-ce4f-46da-939f-ad92129493ac" testListId="8c84fa94-04c1-424b-9868-57a2d4851a1d" />
    <TestEntry testId="646ccd49-333a-b758-f617-caf533637bb5" executionId="254616e1-ef01-4cf9-8dbd-f870326c97d5" testListId="8c84fa94-04c1-424b-9868-57a2d4851a1d" />
    <TestEntry testId="0bb2cf40-a3ea-921c-febd-31824f480987" executionId="120a8e7c-b1b8-4b15-a655-d82760e26f69" testListId="8c84fa94-04c1-424b-9868-57a2d4851a1d" />
    <TestEntry testId="67c23032-5763-1162-caf2-3dba671f01a8" executionId="f50fba40-4bfd-4efb-8343-141c4cd380da" testListId="8c84fa94-04c1-424b-9868-57a2d4851a1d" />
    <TestEntry testId="9f45ef2e-f940-2d26-fbc0-0fb0aa17db6a" executionId="1fdbb400-fcc8-45f6-83ee-750a536c57a0" testListId="8c84fa94-04c1-424b-9868-57a2d4851a1d" />
    <TestEntry testId="77950913-e5b5-cd25-1a5b-c5c6510d4fee" executionId="0309f9af-7b71-415b-aa8f-e8751dc0529a" testListId="8c84fa94-04c1-424b-9868-57a2d4851a1d" />
    <TestEntry testId="23342577-437f-7955-c1bf-70220a56a06b" executionId="e3cc8ffd-ba47-4162-ab6d-bbbb68807f11" testListId="8c84fa94-04c1-424b-9868-57a2d4851a1d" />
    <TestEntry testId="552f745c-1e47-ae46-ace4-ac8ee6afe975" executionId="ea340613-80ba-44d6-b1b9-071eca04c0b2" testListId="8c84fa94-04c1-424b-9868-57a2d4851a1d" />
    <TestEntry testId="1d4449a9-1cd5-a7c7-7853-218b7a5d837b" executionId="cffd8eba-5bf2-4a97-af37-7eae0fa9d056" testListId="8c84fa94-04c1-424b-9868-57a2d4851a1d" />
    <TestEntry testId="8f7ed3a9-d9fe-7525-b43b-3c6e0d2d2df3" executionId="8e071df4-c70a-424c-81e9-6051aced6c93" testListId="8c84fa94-04c1-424b-9868-57a2d4851a1d" />
    <TestEntry testId="c9660e24-ec39-0996-1788-4ae0fecc8dc8" executionId="6ae6015e-304a-4d64-944f-33443143a334" testListId="8c84fa94-04c1-424b-9868-57a2d4851a1d" />
    <TestEntry testId="d3dc3969-a684-96a3-5c6f-50f656dad94e" executionId="f24a563c-7a42-42c9-848b-c9c2bb5c7ad7" testListId="8c84fa94-04c1-424b-9868-57a2d4851a1d" />
    <TestEntry testId="048de1c3-cfae-603c-a8ad-605ed3cd1700" executionId="8d0917d9-2822-4e92-845b-945d62e7a587" testListId="8c84fa94-04c1-424b-9868-57a2d4851a1d" />
    <TestEntry testId="72324169-dbff-b74f-27cd-2de8c583c575" executionId="fd036431-9c9c-406d-b6ba-c3f06c9b90d1" testListId="8c84fa94-04c1-424b-9868-57a2d4851a1d" />
    <TestEntry testId="6491fe21-0d9f-dc4a-4163-8e2b44c05ed9" executionId="bf2e3225-ca4f-476c-b8e8-5d40aa83242f" testListId="8c84fa94-04c1-424b-9868-57a2d4851a1d" />
    <TestEntry testId="aa81718f-2bd1-8b4d-536e-950f583affd5" executionId="c3cd85d7-c7e5-4060-9921-2dc5b65be0d3" testListId="8c84fa94-04c1-424b-9868-57a2d4851a1d" />
    <TestEntry testId="522dbf46-2deb-fa4e-85e2-16fe5346d44d" executionId="c94e5dda-d0f2-4b29-bb7a-831922c066a8" testListId="8c84fa94-04c1-424b-9868-57a2d4851a1d" />
    <TestEntry testId="24dedc14-f438-0188-3292-b11401a814a4" executionId="04cdaf93-6cd5-4b33-a5a7-6ed4ebbf2a59" testListId="8c84fa94-04c1-424b-9868-57a2d4851a1d" />
    <TestEntry testId="8ff1450a-bb8c-32e2-dd6a-01ac11556149" executionId="260423b7-5fa8-4357-9415-f01560d0c45f" testListId="8c84fa94-04c1-424b-9868-57a2d4851a1d" />
    <TestEntry testId="9674928a-f85e-e6a9-a650-526e3f1cf6a4" executionId="94273211-fda4-417a-8651-6f1cdd4dec0f" testListId="8c84fa94-04c1-424b-9868-57a2d4851a1d" />
    <TestEntry testId="c89bd744-494c-e3e7-7f2b-f63f36c09a42" executionId="5bff3856-0a40-413a-9ce5-23981f0b7c43" testListId="8c84fa94-04c1-424b-9868-57a2d4851a1d" />
    <TestEntry testId="966d8500-02b2-38fd-efd0-3a381aec429b" executionId="52e3a64c-d0ac-435a-a777-690d767a930a" testListId="8c84fa94-04c1-424b-9868-57a2d4851a1d" />
    <TestEntry testId="051a2f23-821f-ef60-9a72-f29ef80057a7" executionId="be7168fd-c209-4561-8ee3-3a6f237bd0d1" testListId="8c84fa94-04c1-424b-9868-57a2d4851a1d" />
    <TestEntry testId="e5a19916-027e-fe17-5cad-19bdc6cc4bd9" executionId="c00ae233-8460-466a-a43e-7f385690baf4" testListId="8c84fa94-04c1-424b-9868-57a2d4851a1d" />
    <TestEntry testId="16fffe2b-1b0c-7c8b-dbd4-f0ca42bc02de" executionId="e2e8cc58-820a-4fca-a246-23083c399cd1" testListId="8c84fa94-04c1-424b-9868-57a2d4851a1d" />
    <TestEntry testId="b9e68abe-41d2-3d1b-5b5e-a79c8ecd7ccd" executionId="dec021ae-d44c-42de-928b-8ecbe488494b" testListId="8c84fa94-04c1-424b-9868-57a2d4851a1d" />
    <TestEntry testId="d03e4b40-89b7-920f-df27-e3f2bca334b4" executionId="46efd490-4295-4807-8544-cfebe170db93" testListId="8c84fa94-04c1-424b-9868-57a2d4851a1d" />
    <TestEntry testId="f23bc426-fa9e-f9a0-10ea-283eef64d115" executionId="f27bd62c-99ab-417e-9fb0-aa74783f940a" testListId="8c84fa94-04c1-424b-9868-57a2d4851a1d" />
    <TestEntry testId="5b35e0b9-2a77-35a8-5dd1-3748d5a8aa10" executionId="f7e8d8ea-fed0-4d9d-971e-f4193c1902af" testListId="8c84fa94-04c1-424b-9868-57a2d4851a1d" />
    <TestEntry testId="27bd8613-2af3-934d-a9ba-059753f0c4ef" executionId="fae580af-78e7-4bce-9d21-6f3cf5e5f8fd" testListId="8c84fa94-04c1-424b-9868-57a2d4851a1d" />
    <TestEntry testId="1d132d2e-fda3-06da-a4ed-71d0ceef1ac9" executionId="59755e53-179d-4fcb-b5f7-f1a98055e1bc" testListId="8c84fa94-04c1-424b-9868-57a2d4851a1d" />
    <TestEntry testId="ba399a7b-824b-4b3e-d215-51db7f04caf7" executionId="6862061a-ab25-4dac-9d96-25ce258f593f" testListId="8c84fa94-04c1-424b-9868-57a2d4851a1d" />
    <TestEntry testId="c59b9e08-9085-5c0a-8d9f-42f0e666a5e0" executionId="340ccd5f-f108-423a-9834-fa0acfb360d6" testListId="8c84fa94-04c1-424b-9868-57a2d4851a1d" />
    <TestEntry testId="546d69aa-fe09-7df2-aa4d-cd8923d53095" executionId="1c30383f-24b3-4a35-b1af-04ea4106a606" testListId="8c84fa94-04c1-424b-9868-57a2d4851a1d" />
    <TestEntry testId="34340f49-1d56-b2a8-ee95-7a12195d62db" executionId="a39cb375-3c6b-465b-9d06-7e8a44fc8f3f" testListId="8c84fa94-04c1-424b-9868-57a2d4851a1d" />
    <TestEntry testId="dd24289f-3de6-e38e-c46a-7c5bbef7c982" executionId="cf3adad2-5a44-4dc5-b957-7af5128a79a7" testListId="8c84fa94-04c1-424b-9868-57a2d4851a1d" />
    <TestEntry testId="a492b4d7-0796-01db-81a4-422252df8ca3" executionId="561ff1b3-831c-4e9b-92d5-91b3b25ccdcf" testListId="8c84fa94-04c1-424b-9868-57a2d4851a1d" />
    <TestEntry testId="8aaea351-7b66-5c5b-d2eb-368073777e97" executionId="37d4fa3d-c433-420b-b87b-94ab7bd690fc" testListId="8c84fa94-04c1-424b-9868-57a2d4851a1d" />
    <TestEntry testId="2f177f11-58ba-78cd-a688-9083ad7bb9b1" executionId="2d5c6cbc-2736-4019-93ca-40f11bbb0bde" testListId="8c84fa94-04c1-424b-9868-57a2d4851a1d" />
    <TestEntry testId="76bb9188-5c64-78fc-cdea-ba158ed8cad9" executionId="b15de369-bd36-4abe-a99f-1cfa06c9797a" testListId="8c84fa94-04c1-424b-9868-57a2d4851a1d" />
    <TestEntry testId="874de2bb-3f94-f0ce-07e8-f0784f8899f2" executionId="b833e12a-f4f7-4bac-8925-1b54627a5330" testListId="8c84fa94-04c1-424b-9868-57a2d4851a1d" />
    <TestEntry testId="c9e2b1dc-8c74-eb9a-ec8d-ddd16e59b594" executionId="e2672f86-9e65-4c06-b5b9-deb673fd7e58" testListId="8c84fa94-04c1-424b-9868-57a2d4851a1d" />
  </TestEntries>
  <TestLists>
    <TestList name="Results Not in a List" id="8c84fa94-04c1-424b-9868-57a2d4851a1d" />
    <TestList name="All Loaded Results" id="19431567-8539-422a-85d7-44ee4e166bda" />
  </TestLists>
  <ResultSummary outcome="Failed">
    <Counters total="78" executed="78" passed="78" failed="0" error="0" timeout="0" aborted="0" inconclusive="0" passedButRunAborted="0" notRunnable="0" notExecuted="0" disconnected="0" warning="0" completed="0" inProgress="0" pending="0" />
    <Output>
      <StdOut>[xUnit.net 00:00:00.00] xUnit.net VSTest Adapter v3.1.4+50e68bbb8b (64-bit .NET 10.0.9)&#xD;
[xUnit.net 00:00:00.05]   Discovering: BoxingSim.Tests&#xD;
[xUnit.net 00:00:00.08]   Discovered:  BoxingSim.Tests&#xD;
[xUnit.net 00:00:00.09]   Starting:    BoxingSim.Tests&#xD;
</StdOut>
    </Output>
    <RunInfos>
      <RunInfo computerName="MPQ" outcome="Error" timestamp="2026-07-31T09:17:25.8938708-04:00">
        <Text>The active test run was aborted. Reason: Test host process crashed</Text>
      </RunInfo>
    </RunInfos>
  </ResultSummary>
</TestRun>